Archive member included to satisfy reference by file (symbol)

.\CortexM3\ARM_GCC_541\Release\CapSense_5LP_test.a(CapSense.o)
                              .\CortexM3\ARM_GCC_541\Release\main.o (CapSense_IsBusy)
.\CortexM3\ARM_GCC_541\Release\CapSense_5LP_test.a(CapSense_CSHL.o)
                              .\CortexM3\ARM_GCC_541\Release\main.o (CapSense_InitializeAllBaselines)
.\CortexM3\ARM_GCC_541\Release\CapSense_5LP_test.a(CapSense_INT.o)
                              .\CortexM3\ARM_GCC_541\Release\CapSense_5LP_test.a(CapSense.o) (CapSense_IsrCH0_ISR)
.\CortexM3\ARM_GCC_541\Release\CapSense_5LP_test.a(CapSense_SMS_Wrapper.o)
                              .\CortexM3\ARM_GCC_541\Release\CapSense_5LP_test.a(CapSense_CSHL.o) (CapSense_CalculateThresholds)
.\CortexM3\ARM_GCC_541\Release\CapSense_5LP_test.a(LED.o)
                              .\CortexM3\ARM_GCC_541\Release\main.o (LED_Write)
.\CortexM3\ARM_GCC_541\Release\CapSense_5LP_test.a(CapSense_CompCH0.o)
                              .\CortexM3\ARM_GCC_541\Release\CapSense_5LP_test.a(CapSense.o) (CapSense_CompCH0_Enable)
.\CortexM3\ARM_GCC_541\Release\CapSense_5LP_test.a(CapSense_IdacCH0.o)
                              .\CortexM3\ARM_GCC_541\Release\CapSense_5LP_test.a(CapSense.o) (CapSense_IdacCH0_Enable)
.\CortexM3\ARM_GCC_541\Release\CapSense_5LP_test.a(CapSense_AMuxCH0.o)
                              .\CortexM3\ARM_GCC_541\Release\CapSense_5LP_test.a(CapSense.o) (CapSense_AMuxCH0_Init)
.\CortexM3\ARM_GCC_541\Release\CapSense_5LP_test.a(CapSense_IntClock.o)
                              .\CortexM3\ARM_GCC_541\Release\CapSense_5LP_test.a(CapSense.o) (CapSense_IntClock_Start)
.\CortexM3\ARM_GCC_541\Release\CapSense_5LP_test.a(CyLib.o)
                              .\CortexM3\ARM_GCC_541\Release\Cm3Start.o (CyHalt)
.\CortexM3\ARM_GCC_541\Release\CapSense_5LP_test.a(cyPm.o)
                              .\CortexM3\ARM_GCC_541\Release\CapSense_5LP_test.a(CyLib.o) (CyPmReadStatus)
.\CortexM3\ARM_GCC_541\Release\CapSense_5LP_test.a(CyBootAsmGnu.o)
                              .\CortexM3\ARM_GCC_541\Release\cyfitter_cfg.o (CyDelayCycles)
.\CortexM3\ARM_GCC_541\Release\CapSense_5LP_test.a(CyFlash.o)
                              .\CortexM3\ARM_GCC_541\Release\CapSense_5LP_test.a(cyPm.o) (CyFlash_SetWaitCycles)
.\CortexM3\ARM_GCC_541\Release\CapSense_5LP_test.a(CySpc.o)
                              .\CortexM3\ARM_GCC_541\Release\CapSense_5LP_test.a(CyFlash.o) (CySpcStart)
C:\Program Files (x86)\Cypress\PSoC Creator\4.1\PSoC Creator\psoc\content\CyComponentLibrary\CyComponentLibrary.cylib\CapSense_CSD_v3_50\Library\CapSenseLibrary_GCC.a(CapSense_CSD_SmartSense_v3_50.o)
                              .\CortexM3\ARM_GCC_541\Release\CapSense_5LP_test.a(CapSense_SMS_Wrapper.o) (SMS_LIB_V3_50_CalculateThresholds)
c:/program files (x86)/cypress/psoc creator/4.1/psoc creator/import/gnu/arm/5.4.1/bin/../lib/gcc/arm-none-eabi/5.4.1/armv7-m\libgcc.a(_udivsi3.o)
                              C:\Program Files (x86)\Cypress\PSoC Creator\4.1\PSoC Creator\psoc\content\CyComponentLibrary\CyComponentLibrary.cylib\CapSense_CSD_v3_50\Library\CapSenseLibrary_GCC.a(CapSense_CSD_SmartSense_v3_50.o) (__aeabi_uidiv)
c:/program files (x86)/cypress/psoc creator/4.1/psoc creator/import/gnu/arm/5.4.1/bin/../lib/gcc/arm-none-eabi/5.4.1/armv7-m\libgcc.a(_dvmd_tls.o)
                              c:/program files (x86)/cypress/psoc creator/4.1/psoc creator/import/gnu/arm/5.4.1/bin/../lib/gcc/arm-none-eabi/5.4.1/armv7-m\libgcc.a(_udivsi3.o) (__aeabi_idiv0)
c:/program files (x86)/cypress/psoc creator/4.1/psoc creator/import/gnu/arm/5.4.1/bin/../lib/gcc/arm-none-eabi/5.4.1/../../../../arm-none-eabi/lib/armv7-m\libg_nano.a(lib_a-errno.o)
                              .\CortexM3\ARM_GCC_541\Release\Cm3Start.o (__errno)
c:/program files (x86)/cypress/psoc creator/4.1/psoc creator/import/gnu/arm/5.4.1/bin/../lib/gcc/arm-none-eabi/5.4.1/../../../../arm-none-eabi/lib/armv7-m\libg_nano.a(lib_a-exit.o)
                              c:/program files (x86)/cypress/psoc creator/4.1/psoc creator/import/gnu/arm/5.4.1/bin/../lib/gcc/arm-none-eabi/5.4.1/../../../../arm-none-eabi/lib/armv7-m/crt0.o (exit)
c:/program files (x86)/cypress/psoc creator/4.1/psoc creator/import/gnu/arm/5.4.1/bin/../lib/gcc/arm-none-eabi/5.4.1/../../../../arm-none-eabi/lib/armv7-m\libg_nano.a(lib_a-impure.o)
                              c:/program files (x86)/cypress/psoc creator/4.1/psoc creator/import/gnu/arm/5.4.1/bin/../lib/gcc/arm-none-eabi/5.4.1/../../../../arm-none-eabi/lib/armv7-m\libg_nano.a(lib_a-exit.o) (_global_impure_ptr)
c:/program files (x86)/cypress/psoc creator/4.1/psoc creator/import/gnu/arm/5.4.1/bin/../lib/gcc/arm-none-eabi/5.4.1/../../../../arm-none-eabi/lib/armv7-m\libg_nano.a(lib_a-init.o)
                              c:/program files (x86)/cypress/psoc creator/4.1/psoc creator/import/gnu/arm/5.4.1/bin/../lib/gcc/arm-none-eabi/5.4.1/../../../../arm-none-eabi/lib/armv7-m/crt0.o (__libc_init_array)
[...]
Memory Configuration

Name             Origin             Length             Attributes
rom              0x00000000         0x00040000         xr
ram              0x1fff8000         0x00010000         xrw
*default*        0x00000000         0xffffffff

Linker script and memory map

LOAD c:/program files (x86)/cypress/psoc creator/4.1/psoc creator/import/gnu/arm/5.4.1/bin/../lib/gcc/arm-none-eabi/5.4.1/armv7-m/crti.o
LOAD c:/program files (x86)/cypress/psoc creator/4.1/psoc creator/import/gnu/arm/5.4.1/bin/../lib/gcc/arm-none-eabi/5.4.1/armv7-m/crtbegin.o
LOAD c:/program files (x86)/cypress/psoc creator/4.1/psoc creator/import/gnu/arm/5.4.1/bin/../lib/gcc/arm-none-eabi/5.4.1/../../../../arm-none-eabi/lib/armv7-m/crt0.o
START GROUP
LOAD .\CortexM3\ARM_GCC_541\Release\main.o
LOAD .\CortexM3\ARM_GCC_541\Release\cyfitter_cfg.o
LOAD .\CortexM3\ARM_GCC_541\Release\cymetadata.o
LOAD .\CortexM3\ARM_GCC_541\Release\Cm3Start.o
LOAD .\CortexM3\ARM_GCC_541\Release\CapSense_5LP_test.a
LOAD C:\Program Files (x86)\Cypress\PSoC Creator\4.1\PSoC Creator\psoc\content\CyComponentLibrary\CyComponentLibrary.cylib\CapSense_CSD_v3_50\Library\CapSenseLibrary_GCC.a
LOAD C:\Program Files (x86)\Cypress\PSoC Creator\4.1\PSoC Creator\psoc\content\cycomponentlibrary\CyComponentLibrary.cylib\CortexM3\ARM_GCC_541\Release\CyComponentLibrary.a
END GROUP
START GROUP
LOAD c:/program files (x86)/cypress/psoc creator/4.1/psoc creator/import/gnu/arm/5.4.1/bin/../lib/gcc/arm-none-eabi/5.4.1/armv7-m\libgcc.a
LOAD c:/program files (x86)/cypress/psoc creator/4.1/psoc creator/import/gnu/arm/5.4.1/bin/../lib/gcc/arm-none-eabi/5.4.1/../../../../arm-none-eabi/lib/armv7-m\libg_nano.a
LOAD c:/program files (x86)/cypress/psoc creator/4.1/psoc creator/import/gnu/arm/5.4.1/bin/../lib/gcc/arm-none-eabi/5.4.1/../../../../arm-none-eabi/lib/armv7-m\libc_nano.a
END GROUP
START GROUP
LOAD c:/program files (x86)/cypress/psoc creator/4.1/psoc creator/import/gnu/arm/5.4.1/bin/../lib/gcc/arm-none-eabi/5.4.1/armv7-m\libgcc.a
LOAD c:/program files (x86)/cypress/psoc creator/4.1/psoc creator/import/gnu/arm/5.4.1/bin/../lib/gcc/arm-none-eabi/5.4.1/../../../../arm-none-eabi/lib/armv7-m\libc_nano.a
END GROUP
LOAD c:/program files (x86)/cypress/psoc creator/4.1/psoc creator/import/gnu/arm/5.4.1/bin/../lib/gcc/arm-none-eabi/5.4.1/armv7-m/crtend.o
LOAD c:/program files (x86)/cypress/psoc creator/4.1/psoc creator/import/gnu/arm/5.4.1/bin/../lib/gcc/arm-none-eabi/5.4.1/armv7-m/crtn.o
START GROUP
LOAD c:/program files (x86)/cypress/psoc creator/4.1/psoc creator/import/gnu/arm/5.4.1/bin/../lib/gcc/arm-none-eabi/5.4.1/armv7-m\libgcc.a
LOAD c:/program files (x86)/cypress/psoc creator/4.1/psoc creator/import/gnu/arm/5.4.1/bin/../lib/gcc/arm-none-eabi/5.4.1/../../../../arm-none-eabi/lib/armv7-m\libc.a
LOAD c:/program files (x86)/cypress/psoc creator/4.1/psoc creator/import/gnu/arm/5.4.1/bin/../lib/gcc/arm-none-eabi/5.4.1/../../../../arm-none-eabi/lib/armv7-m\libnosys.a
END GROUP
                0x00000000                CY_APPL_ORIGIN = 0x0
                0x00000100                CY_FLASH_ROW_SIZE = 0x100
                0x00000020                CY_ECC_ROW_SIZE = 0x20
                0x00000000                CY_EE_IN_BTLDR = 0x0
                0x00000000                CY_APPL_LOADABLE = 0x0
                0x00000800                CY_EE_SIZE = 0x800
                0x00000001                CY_APPL_NUM = 0x1
                0x00000001                CY_APPL_MAX = 0x1
                0x00000040                CY_METADATA_SIZE = 0x40
                0x00000000                CY_APPL_LOADABLE = 0x0
                0x00000000                CY_CHECKSUM_EXCLUDE_SIZE = ALIGN (0x0, CY_FLASH_ROW_SIZE)
                [!provide]                PROVIDE (__cy_heap_start, _end)
                0x00000001                PROVIDE (__cy_region_num, ((__cy_regions_end - __cy_regions) / 0x10))
                0x20008000                PROVIDE (__cy_stack, (ORIGIN (ram) + LENGTH (ram)))
                [!provide]                PROVIDE (__cy_heap_end, (__cy_stack - 0x800))

.cybootloader   0x00000000        0x0
 *(.cybootloader)
                0x00000000                appl1_start = CY_APPL_ORIGIN?CY_APPL_ORIGIN:ALIGN (CY_FLASH_ROW_SIZE)
                0x0001ff00                appl2_start = (appl1_start + ALIGN ((((LENGTH (rom) - appl1_start) - (0x2 * CY_FLASH_ROW_SIZE)) / 0x2), CY_FLASH_ROW_SIZE))
                0x00000000                appl_start = (CY_APPL_NUM == 0x1)?appl1_start:appl2_start
                0x00000000                ecc_offset = ((appl_start / CY_FLASH_ROW_SIZE) * CY_ECC_ROW_SIZE)
                0x00000000                ee_offset = (CY_APPL_LOADABLE && ! (CY_EE_IN_BTLDR))?((CY_EE_SIZE / CY_APPL_MAX) * (CY_APPL_NUM - 0x1)):0x0
                0x00000800                ee_size = (CY_APPL_LOADABLE && ! (CY_EE_IN_BTLDR))?(CY_EE_SIZE / CY_APPL_MAX):CY_EE_SIZE
                [!provide]                PROVIDE (CY_ECC_OFFSET, ecc_offset)

.text           0x00000000     0x1038
 CREATE_OBJECT_SYMBOLS
                0x00000000                PROVIDE (__cy_interrupt_vector, RomVectors)
 *(.romvectors)
 .romvectors    0x00000000       0x10 .\CortexM3\ARM_GCC_541\Release\Cm3Start.o
                0x00000000                RomVectors
                0x00000001                ASSERT ((. != __cy_interrupt_vector), No interrupt vector)
                0x00000001                ASSERT (CY_APPL_ORIGIN?(SIZEOF (.cybootloader) <= CY_APPL_ORIGIN):0x1, Wrong image location)
                0x00000010                PROVIDE (__cy_reset, Reset)
 *(.text.Reset)
 .text.Reset    0x00000010       0x18 .\CortexM3\ARM_GCC_541\Release\Cm3Start.o
                0x00000010                Reset
                0x00000001                ASSERT ((. != __cy_reset), No reset code)
 *(.dma_init)
                0x00000001                ASSERT ((((appl_start + .) <= 0x10000) || 0x1), DMA Init must be within the first 64k of flash)
 *(.text .text.* .gnu.linkonce.t.*)
 .text          0x00000028       0x5c c:/program files (x86)/cypress/psoc creator/4.1/psoc creator/import/gnu/arm/5.4.1/bin/../lib/gcc/arm-none-eabi/5.4.1/armv7-m/crtbegin.o
 .text.startup.main
                0x00000084       0x5a .\CortexM3\ARM_GCC_541\Release\main.o
                0x00000084                main
 *fill*         0x000000de        0x2 
 .text.CapSense_AMuxCH0_Set
                0x000000e0       0x1c .\CortexM3\ARM_GCC_541\Release\cyfitter_cfg.o
                0x000000e0                CapSense_AMuxCH0_Set
 .text.CapSense_AMuxCH0_Unset
                0x000000fc       0x1c .\CortexM3\ARM_GCC_541\Release\cyfitter_cfg.o
                0x000000fc                CapSense_AMuxCH0_Unset
 .text.cyfitter_cfg
                0x00000118      0x1fc .\CortexM3\ARM_GCC_541\Release\cyfitter_cfg.o
                0x00000118                cyfitter_cfg
 .text.IntDefaultHandler
                0x00000314       0x10 .\CortexM3\ARM_GCC_541\Release\Cm3Start.o
                0x00000314                IntDefaultHandler
 .text.Start_c  0x00000324       0x50 .\CortexM3\ARM_GCC_541\Release\Cm3Start.o
                0x00000324                Start_c
 .text.startup.initialize_psoc
                0x00000374       0x68 .\CortexM3\ARM_GCC_541\Release\Cm3Start.o
                0x00000374                initialize_psoc
 .text.CapSense_Enable
                0x000003dc       0x6c .\CortexM3\ARM_GCC_541\Release\CapSense_5LP_test.a(CapSense.o)
                0x000003dc                CapSense_Enable
 .text.CapSense_FindNextSensor
                0x00000448       0x24 .\CortexM3\ARM_GCC_541\Release\CapSense_5LP_test.a(CapSense.o)
                0x00000448                CapSense_FindNextSensor
 .text.CapSense_IsBusy
                0x0000046c       0x10 .\CortexM3\ARM_GCC_541\Release\CapSense_5LP_test.a(CapSense.o)
                0x0000046c                CapSense_IsBusy
 .text.CapSense_EnableSensor
                0x0000047c       0x30 .\CortexM3\ARM_GCC_541\Release\CapSense_5LP_test.a(CapSense.o)
                0x0000047c                CapSense_EnableSensor
 .text.CapSense_DisableSensor
                0x000004ac       0x34 .\CortexM3\ARM_GCC_541\Release\CapSense_5LP_test.a(CapSense.o)
                0x000004ac                CapSense_DisableSensor
 .text.CapSense_ClearSensors
                0x000004e0       0x18 .\CortexM3\ARM_GCC_541\Release\CapSense_5LP_test.a(CapSense.o)
                0x000004e0                CapSense_ClearSensors
 .text.CapSense_PostScan
                0x000004f8       0x4c .\CortexM3\ARM_GCC_541\Release\CapSense_5LP_test.a(CapSense.o)
                0x000004f8                CapSense_PostScan
 .text.CapSense_SetPrescaler
                0x00000544       0x10 .\CortexM3\ARM_GCC_541\Release\CapSense_5LP_test.a(CapSense.o)
                0x00000544                CapSense_SetPrescaler
 .text.CapSense_SetScanSlotSettings
                0x00000554       0x3c .\CortexM3\ARM_GCC_541\Release\CapSense_5LP_test.a(CapSense.o)
                0x00000554                CapSense_SetScanSlotSettings
 .text.CapSense_PreScan
                0x00000590       0x34 .\CortexM3\ARM_GCC_541\Release\CapSense_5LP_test.a(CapSense.o)
                0x00000590                CapSense_PreScan
 .text.CapSense_ScanSensor
                0x000005c4       0x1c .\CortexM3\ARM_GCC_541\Release\CapSense_5LP_test.a(CapSense.o)
                0x000005c4                CapSense_ScanSensor
 .text.CapSense_ScanEnabledWidgets
                0x000005e0       0x38 .\CortexM3\ARM_GCC_541\Release\CapSense_5LP_test.a(CapSense.o)
                0x000005e0                CapSense_ScanEnabledWidgets
 .text.CapSense_SetAnalogSwitchesSource
                0x00000618       0x18 .\CortexM3\ARM_GCC_541\Release\CapSense_5LP_test.a(CapSense.o)
                0x00000618                CapSense_SetAnalogSwitchesSource
 .text.CapSense_Init
                0x00000630       0xdc .\CortexM3\ARM_GCC_541\Release\CapSense_5LP_test.a(CapSense.o)
                0x00000630                CapSense_Init
 .text.CapSense_Start
                0x0000070c       0x28 .\CortexM3\ARM_GCC_541\Release\CapSense_5LP_test.a(CapSense.o)
                0x0000070c                CapSense_Start
 .text.CapSense_BaseInit
                0x00000734       0x4c .\CortexM3\ARM_GCC_541\Release\CapSense_5LP_test.a(CapSense_CSHL.o)
                0x00000734                CapSense_BaseInit
 .text.CapSense_InitializeSensorBaseline
                0x00000780       0x1a .\CortexM3\ARM_GCC_541\Release\CapSense_5LP_test.a(CapSense_CSHL.o)
                0x00000780                CapSense_InitializeSensorBaseline
 .text.CapSense_InitializeAllBaselines
                0x0000079a       0x18 .\CortexM3\ARM_GCC_541\Release\CapSense_5LP_test.a(CapSense_CSHL.o)
                0x0000079a                CapSense_InitializeAllBaselines
 *fill*         0x000007b2        0x2 
 .text.CapSense_UpdateSensorBaseline
                0x000007b4       0xdc .\CortexM3\ARM_GCC_541\Release\CapSense_5LP_test.a(CapSense_CSHL.o)
                0x000007b4                CapSense_UpdateSensorBaseline
 .text.CapSense_UpdateEnabledBaselines
                0x00000890       0x24 .\CortexM3\ARM_GCC_541\Release\CapSense_5LP_test.a(CapSense_CSHL.o)
                0x00000890                CapSense_UpdateEnabledBaselines
 .text.CapSense_CheckIsSensorActive
                0x000008b4       0x80 .\CortexM3\ARM_GCC_541\Release\CapSense_5LP_test.a(CapSense_CSHL.o)
                0x000008b4                CapSense_CheckIsSensorActive
 .text.CapSense_CheckIsWidgetActive
                0x00000934       0x2c .\CortexM3\ARM_GCC_541\Release\CapSense_5LP_test.a(CapSense_CSHL.o)
                0x00000934                CapSense_CheckIsWidgetActive
 .text.CapSense_IsrCH0_ISR
                0x00000960       0x3c .\CortexM3\ARM_GCC_541\Release\CapSense_5LP_test.a(CapSense_INT.o)
                0x00000960                CapSense_IsrCH0_ISR
 .text.SMS_LIB_ScanSensor
                0x0000099c        0x4 .\CortexM3\ARM_GCC_541\Release\CapSense_5LP_test.a(CapSense_SMS_Wrapper.o)
                0x0000099c                SMS_LIB_ScanSensor
 .text.SMS_LIB_IsBusy
                0x000009a0        0x4 .\CortexM3\ARM_GCC_541\Release\CapSense_5LP_test.a(CapSense_SMS_Wrapper.o)
                0x000009a0                SMS_LIB_IsBusy
 .text.CapSense_CalculateThresholds
                0x000009a4        0x4 .\CortexM3\ARM_GCC_541\Release\CapSense_5LP_test.a(CapSense_SMS_Wrapper.o)
                0x000009a4                CapSense_CalculateThresholds
 .text.CapSense_AutoTune
                0x000009a8        0x4 .\CortexM3\ARM_GCC_541\Release\CapSense_5LP_test.a(CapSense_SMS_Wrapper.o)
                0x000009a8                CapSense_AutoTune
 .text.SMS_LIB_V3_50_SetAnalogSwitchesSrc_PRS
                0x000009ac        0x6 .\CortexM3\ARM_GCC_541\Release\CapSense_5LP_test.a(CapSense_SMS_Wrapper.o)
                0x000009ac                SMS_LIB_V3_50_SetAnalogSwitchesSrc_PRS
 .text.SMS_LIB_V3_50_SetAnalogSwitchesSrc_Prescaler
                0x000009b2        0x6 .\CortexM3\ARM_GCC_541\Release\CapSense_5LP_test.a(CapSense_SMS_Wrapper.o)
                0x000009b2                SMS_LIB_V3_50_SetAnalogSwitchesSrc_Prescaler
 .text.LED_Write
                0x000009b8       0x18 .\CortexM3\ARM_GCC_541\Release\CapSense_5LP_test.a(LED.o)
                0x000009b8                LED_Write
 .text.CapSense_CompCH0_Enable
                0x000009d0       0x18 .\CortexM3\ARM_GCC_541\Release\CapSense_5LP_test.a(CapSense_CompCH0.o)
                0x000009d0                CapSense_CompCH0_Enable
 .text.CapSense_CompCH0_SetSpeed
                0x000009e8       0x58 .\CortexM3\ARM_GCC_541\Release\CapSense_5LP_test.a(CapSense_CompCH0.o)
                0x000009e8                CapSense_CompCH0_SetSpeed
 .text.CapSense_CompCH0_Init
                0x00000a40       0x40 .\CortexM3\ARM_GCC_541\Release\CapSense_5LP_test.a(CapSense_CompCH0.o)
                0x00000a40                CapSense_CompCH0_Init
 .text.CapSense_IdacCH0_Enable
                0x00000a80       0x18 .\CortexM3\ARM_GCC_541\Release\CapSense_5LP_test.a(CapSense_IdacCH0.o)
                0x00000a80                CapSense_IdacCH0_Enable
 .text.CapSense_IdacCH0_SetSpeed
                0x00000a98       0x1c .\CortexM3\ARM_GCC_541\Release\CapSense_5LP_test.a(CapSense_IdacCH0.o)
                0x00000a98                CapSense_IdacCH0_SetSpeed
 .text.CapSense_IdacCH0_SetValue
                0x00000ab4        0xc .\CortexM3\ARM_GCC_541\Release\CapSense_5LP_test.a(CapSense_IdacCH0.o)
                0x00000ab4                CapSense_IdacCH0_SetValue
 .text.CapSense_IdacCH0_DacTrim
                0x00000ac0       0x30 .\CortexM3\ARM_GCC_541\Release\CapSense_5LP_test.a(CapSense_IdacCH0.o)
                0x00000ac0                CapSense_IdacCH0_DacTrim
 .text.CapSense_IdacCH0_Init
                0x00000af0       0x2c .\CortexM3\ARM_GCC_541\Release\CapSense_5LP_test.a(CapSense_IdacCH0.o)
                0x00000af0                CapSense_IdacCH0_Init
 .text.CapSense_IdacCH0_SetPolarity
                0x00000b1c       0x1c .\CortexM3\ARM_GCC_541\Release\CapSense_5LP_test.a(CapSense_IdacCH0.o)
                0x00000b1c                CapSense_IdacCH0_SetPolarity
 .text.CapSense_IdacCH0_SetRange
                0x00000b38       0x1c .\CortexM3\ARM_GCC_541\Release\CapSense_5LP_test.a(CapSense_IdacCH0.o)
                0x00000b38                CapSense_IdacCH0_SetRange
 .text.CapSense_AMuxCH0_DisconnectAll
                0x00000b54       0x12 .\CortexM3\ARM_GCC_541\Release\CapSense_5LP_test.a(CapSense_AMuxCH0.o)
                0x00000b54                CapSense_AMuxCH0_DisconnectAll
 .text.CapSense_AMuxCH0_Init
                0x00000b66        0x4 .\CortexM3\ARM_GCC_541\Release\CapSense_5LP_test.a(CapSense_AMuxCH0.o)
                0x00000b66                CapSense_AMuxCH0_Init
 *fill*         0x00000b6a        0x2 
 .text.CapSense_IntClock_Start
                0x00000b6c       0x18 .\CortexM3\ARM_GCC_541\Release\CapSense_5LP_test.a(CapSense_IntClock.o)
                0x00000b6c                CapSense_IntClock_Start
 .text.CyDelay  0x00000b84       0x2c .\CortexM3\ARM_GCC_541\Release\CapSense_5LP_test.a(CyLib.o)
                0x00000b84                CyDelay
 .text.CyIntSetVector
                0x00000bb0       0x1c .\CortexM3\ARM_GCC_541\Release\CapSense_5LP_test.a(CyLib.o)
                0x00000bb0                CyIntSetVector
 .text.CyIntSetPriority
                0x00000bcc       0x14 .\CortexM3\ARM_GCC_541\Release\CapSense_5LP_test.a(CyLib.o)
                0x00000bcc                CyIntSetPriority
 .text          0x00000be0       0x20 .\CortexM3\ARM_GCC_541\Release\CapSense_5LP_test.a(CyBootAsmGnu.o)
                0x00000be0                CyDelayCycles
                0x00000bf0                CyEnterCriticalSection
                0x00000bf8                CyExitCriticalSection
 .text.SMS_LIB_V3_50_CallibrateSensor1Ch
                0x00000c00       0x84 C:\Program Files (x86)\Cypress\PSoC Creator\4.1\PSoC Creator\psoc\content\CyComponentLibrary\CyComponentLibrary.cylib\CapSense_CSD_v3_50\Library\CapSenseLibrary_GCC.a(CapSense_CSD_SmartSense_v3_50.o)
                0x00000c00                SMS_LIB_V3_50_CallibrateSensor1Ch
 .text.SMS_LIB_V3_50_AutoTuneSensor1Ch
                0x00000c84       0x9c C:\Program Files (x86)\Cypress\PSoC Creator\4.1\PSoC Creator\psoc\content\CyComponentLibrary\CyComponentLibrary.cylib\CapSense_CSD_v3_50\Library\CapSenseLibrary_GCC.a(CapSense_CSD_SmartSense_v3_50.o)
                0x00000c84                SMS_LIB_V3_50_AutoTuneSensor1Ch
 .text.SMS_LIB_V3_50_MeasureNoiseEnvelope
                0x00000d20       0x94 C:\Program Files (x86)\Cypress\PSoC Creator\4.1\PSoC Creator\psoc\content\CyComponentLibrary\CyComponentLibrary.cylib\CapSense_CSD_v3_50\Library\CapSenseLibrary_GCC.a(CapSense_CSD_SmartSense_v3_50.o)
                0x00000d20                SMS_LIB_V3_50_MeasureNoiseEnvelope
 .text.SMS_LIB_V3_50_CalculateThresholds
                0x00000db4       0xc4 C:\Program Files (x86)\Cypress\PSoC Creator\4.1\PSoC Creator\psoc\content\CyComponentLibrary\CyComponentLibrary.cylib\CapSense_CSD_v3_50\Library\CapSenseLibrary_GCC.a(CapSense_CSD_SmartSense_v3_50.o)
                0x00000db4                SMS_LIB_V3_50_CalculateThresholds
 .text.SMS_LIB_V3_50_Sensors2WidgetResolutionTransform
                0x00000e78       0xa8 C:\Program Files (x86)\Cypress\PSoC Creator\4.1\PSoC Creator\psoc\content\CyComponentLibrary\CyComponentLibrary.cylib\CapSense_CSD_v3_50\Library\CapSenseLibrary_GCC.a(CapSense_CSD_SmartSense_v3_50.o)
                0x00000e78                SMS_LIB_V3_50_Sensors2WidgetResolutionTransform
 .text.SMS_LIB_V3_50_AutoTune1Ch
                0x00000f20       0x88 C:\Program Files (x86)\Cypress\PSoC Creator\4.1\PSoC Creator\psoc\content\CyComponentLibrary\CyComponentLibrary.cylib\CapSense_CSD_v3_50\Library\CapSenseLibrary_GCC.a(CapSense_CSD_SmartSense_v3_50.o)
                0x00000f20                SMS_LIB_V3_50_AutoTune1Ch
 .text          0x00000fa8       0x24 c:/program files (x86)/cypress/psoc creator/4.1/psoc creator/import/gnu/arm/5.4.1/bin/../lib/gcc/arm-none-eabi/5.4.1/armv7-m\libgcc.a(_udivsi3.o)
                0x00000fa8                __aeabi_uidiv
                0x00000fa8                __udivsi3
                0x00000fbc                __aeabi_uidivmod
 .text          0x00000fcc        0x4 c:/program files (x86)/cypress/psoc creator/4.1/psoc creator/import/gnu/arm/5.4.1/bin/../lib/gcc/arm-none-eabi/5.4.1/armv7-m\libgcc.a(_dvmd_tls.o)
                0x00000fcc                __aeabi_idiv0
                0x00000fcc                __aeabi_ldiv0
 .text.__errno  0x00000fd0        0xc c:/program files (x86)/cypress/psoc creator/4.1/psoc creator/import/gnu/arm/5.4.1/bin/../lib/gcc/arm-none-eabi/5.4.1/../../../../arm-none-eabi/lib/armv7-m\libg_nano.a(lib_a-errno.o)
                0x00000fd0                __errno
 .text.__libc_init_array
                0x00000fdc       0x4c c:/program files (x86)/cypress/psoc creator/4.1/psoc creator/import/gnu/arm/5.4.1/bin/../lib/gcc/arm-none-eabi/5.4.1/../../../../arm-none-eabi/lib/armv7-m\libg_nano.a(lib_a-init.o)
                0x00000fdc                __libc_init_array
 .text.memset   0x00001028       0x10 c:/program files (x86)/cypress/psoc creator/4.1/psoc creator/import/gnu/arm/5.4.1/bin/../lib/gcc/arm-none-eabi/5.4.1/../../../../arm-none-eabi/lib/armv7-m\libg_nano.a(lib_a-memset.o)
                0x00001028                memset
 *(.plt)
 *(.gnu.warning)
 *(.glue_7t)
 .glue_7t       0x00001038        0x0 linker stubs
 *(.glue_7)
 .glue_7        0x00001038        0x0 linker stubs
 *(.vfp11_veneer)
 .vfp11_veneer  0x00001038        0x0 linker stubs
 *(.bootloader)
 *(.ARM.extab* .gnu.linkonce.armextab.*)
 *(.gcc_except_table)

.v4_bx          0x00001038        0x0
 .v4_bx         0x00001038        0x0 linker stubs

.iplt           0x00001038        0x0
 .iplt          0x00001038        0x0 c:/program files (x86)/cypress/psoc creator/4.1/psoc creator/import/gnu/arm/5.4.1/bin/../lib/gcc/arm-none-eabi/5.4.1/armv7-m/crtbegin.o

.eh_frame_hdr
 *(.eh_frame_hdr)

.eh_frame       0x00001038        0x4
 *(.eh_frame)
 .eh_frame      0x00001038        0x0 c:/program files (x86)/cypress/psoc creator/4.1/psoc creator/import/gnu/arm/5.4.1/bin/../lib/gcc/arm-none-eabi/5.4.1/armv7-m/crtbegin.o
 .eh_frame      0x00001038        0x4 c:/program files (x86)/cypress/psoc creator/4.1/psoc creator/import/gnu/arm/5.4.1/bin/../lib/gcc/arm-none-eabi/5.4.1/armv7-m/crtend.o
                [!provide]                PROVIDE (__exidx_start, .)

.ARM.exidx
 *(.ARM.exidx* .gnu.linkonce.armexidx.*)
                0x0000103c                __exidx_end = .

.rodata         0x0000103c       0xec
 *(.rodata .rodata.* .gnu.linkonce.r.*)
 .rodata        0x0000103c       0x4e .\CortexM3\ARM_GCC_541\Release\cyfitter_cfg.o
                0x0000103c                CapSense_AMuxCH0__addrTable
                0x00001054                CapSense_AMuxCH0__maskTable
 *fill*         0x0000108a        0x2 
 .rodata        0x0000108c       0x37 .\CortexM3\ARM_GCC_541\Release\CapSense_5LP_test.a(CapSense.o)
                0x0000108c                CapSense_portTable
                0x0000108f                CapSense_maskTable
                0x00001094                CapSense_pcTable
                0x000010a0                CapSense_csTable
                0x000010c0                CapSense_widgetNumber
 .rodata        0x000010c3        0x6 .\CortexM3\ARM_GCC_541\Release\CapSense_5LP_test.a(CapSense_CSHL.o)
                0x000010c3                CapSense_rawDataIndex
                0x000010c6                CapSense_numberOfSensors
 .rodata        0x000010c9       0x23 .\CortexM3\ARM_GCC_541\Release\CapSense_5LP_test.a(CapSense_SMS_Wrapper.o)
                0x000010c9                SMS_LIB_PrescalerTbl
                0x000010e9                SMS_LIB_SensorSensitivity
 .rodata.str1.1
                0x000010ec        0x2 c:/program files (x86)/cypress/psoc creator/4.1/psoc creator/import/gnu/arm/5.4.1/bin/../lib/gcc/arm-none-eabi/5.4.1/../../../../arm-none-eabi/lib/armv7-m\libg_nano.a(lib_a-impure.o)
                0x000010f0                . = ALIGN (0x4)
 *fill*         0x000010ee        0x2 
 *(.init)
 .init          0x000010f0        0x4 c:/program files (x86)/cypress/psoc creator/4.1/psoc creator/import/gnu/arm/5.4.1/bin/../lib/gcc/arm-none-eabi/5.4.1/armv7-m/crti.o
                0x000010f0                _init
 .init          0x000010f4        0x8 c:/program files (x86)/cypress/psoc creator/4.1/psoc creator/import/gnu/arm/5.4.1/bin/../lib/gcc/arm-none-eabi/5.4.1/armv7-m/crtn.o
                0x000010fc                . = ALIGN (0x4)
                0x000010fc                __preinit_array_start = .
 *(.preinit_array)
                0x000010fc                __preinit_array_end = .
                0x000010fc                . = ALIGN (0x4)
                0x000010fc                __init_array_start = .
 *(SORT(.init_array.*))
 *(.init_array)
 .init_array    0x000010fc        0x4 c:/program files (x86)/cypress/psoc creator/4.1/psoc creator/import/gnu/arm/5.4.1/bin/../lib/gcc/arm-none-eabi/5.4.1/armv7-m/crtbegin.o
 .init_array    0x00001100        0x4 .\CortexM3\ARM_GCC_541\Release\Cm3Start.o
                0x00001104                __init_array_end = .
                0x00001104                . = ALIGN (0x4)
 *(.fini)
 .fini          0x00001104        0x4 c:/program files (x86)/cypress/psoc creator/4.1/psoc creator/import/gnu/arm/5.4.1/bin/../lib/gcc/arm-none-eabi/5.4.1/armv7-m/crti.o
                0x00001104                _fini
 .fini          0x00001108        0x8 c:/program files (x86)/cypress/psoc creator/4.1/psoc creator/import/gnu/arm/5.4.1/bin/../lib/gcc/arm-none-eabi/5.4.1/armv7-m/crtn.o
                0x00001110                . = ALIGN (0x4)
                0x00001110                __fini_array_start = .
 *(.fini_array)
 .fini_array    0x00001110        0x4 c:/program files (x86)/cypress/psoc creator/4.1/psoc creator/import/gnu/arm/5.4.1/bin/../lib/gcc/arm-none-eabi/5.4.1/armv7-m/crtbegin.o
 *(SORT(.fini_array.*))
                0x00001114                __fini_array_end = .
                0x00001114                . = ALIGN (0x4)
 *crtbegin.o(.ctors)
 *(EXCLUDE_FILE(*crtend.o) .ctors)
 *(SORT(.ctors.*))
 *crtend.o(.ctors)
                0x00001114                . = ALIGN (0x4)
 *crtbegin.o(.dtors)
 *(EXCLUDE_FILE(*crtend.o) .dtors)
 *(SORT(.dtors.*))
 *crtend.o(.dtors)
                0x00001114                . = ALIGN (0x4)
                0x00001114                __cy_regions = .
                0x00001114        0x4 LONG 0x1128 __cy_region_init_ram
                0x00001118        0x4 LONG 0x1fff80c8 __cy_region_start_data
                0x0000111c        0x4 LONG 0xc0 __cy_region_init_size_ram
                0x00001120        0x4 LONG 0x68 __cy_region_zero_size_ram
                0x00001124                __cy_regions_end = .
                0x00001128                . = ALIGN (0x8)
 *fill*         0x00001124        0x4 
                0x00001128                _etext = .

.cy_checksum_exclude
                0x00001128        0x0
 *(.cy_checksum_exclude)

.ramvectors     0x1fff8000       0xc0
                0x1fff8000                __cy_region_start_ram = .
 *(.ramvectors)
 .ramvectors    0x1fff8000       0xc0 .\CortexM3\ARM_GCC_541\Release\Cm3Start.o
                0x1fff8000                CyRamVectors

.noinit         0x1fff80c0        0x1
 *(.noinit)
 .noinit        0x1fff80c0        0x1 .\CortexM3\ARM_GCC_541\Release\CapSense_5LP_test.a(CyLib.o)
                0x1fff80c0                CyResetStatus

.data           0x1fff80c8       0xc0 load address 0x00001128
                0x1fff80c8                __cy_region_start_data = .
 *(.jcr)
 .jcr           0x1fff80c8        0x0 c:/program files (x86)/cypress/psoc creator/4.1/psoc creator/import/gnu/arm/5.4.1/bin/../lib/gcc/arm-none-eabi/5.4.1/armv7-m/crtbegin.o
 .jcr           0x1fff80c8        0x4 c:/program files (x86)/cypress/psoc creator/4.1/psoc creator/import/gnu/arm/5.4.1/bin/../lib/gcc/arm-none-eabi/5.4.1/armv7-m/crtend.o
 *(.got.plt)
 *(.got)
 *(.shdata)
 *(.data .data.* .gnu.linkonce.d.*)
 .data          0x1fff80cc        0x8 .\CortexM3\ARM_GCC_541\Release\CapSense_5LP_test.a(CapSense.o)
                0x1fff80cc                CapSense_sensorEnableMask
                0x1fff80cd                CapSense_idacSettings
                0x1fff80d0                CapSense_widgetResolution
                0x1fff80d3                CapSense_lowLevelTuningDone
 .data          0x1fff80d4        0xc .\CortexM3\ARM_GCC_541\Release\CapSense_5LP_test.a(CapSense_CSHL.o)
                0x1fff80d4                CapSense_debounce
                0x1fff80d7                CapSense_noiseThreshold
                0x1fff80da                CapSense_fingerThreshold
                0x1fff80dd                CapSense_hysteresis
 .data          0x1fff80e0       0x34 .\CortexM3\ARM_GCC_541\Release\CapSense_5LP_test.a(CapSense_SMS_Wrapper.o)
                0x1fff80e0                SMS_LIB_EndOfWidgInd
                0x1fff80e1                SMS_LIB_TotalScanSlCnt
                0x1fff80e2                SMS_LIB_TotalSnsCnt
                0x1fff80e4                SMS_LIB_Var2
                0x1fff80e6                SMS_LIB_Var1
                0x1fff80e8                SMS_LIB_SensorBaseline
                0x1fff80ec                SMS_LIB_SensorRaw
                0x1fff80f0                SMS_LIB_prescaler
                0x1fff80f4                SMS_LIB_idacSettings
                0x1fff80f8                SMS_LIB_fingerThreshold
                0x1fff80fc                SMS_LIB_rawDataIndex
                0x1fff8100                SMS_LIB_numberOfSensors
                0x1fff8104                SMS_LIB_widgetNumber
                0x1fff8108                SMS_LIB_widgetResolution
                0x1fff810c                SMS_LIB_hysteresis
                0x1fff8110                SMS_LIB_noiseThreshold
 .data          0x1fff8114       0x10 .\CortexM3\ARM_GCC_541\Release\CapSense_5LP_test.a(CyLib.o)
                0x1fff8114                cydelay_32k_ms
                0x1fff8118                cydelay_freq_khz
                0x1fff811c                cydelay_freq_mhz
                0x1fff8120                cydelay_freq_hz
 .data.impure_data
                0x1fff8124       0x60 c:/program files (x86)/cypress/psoc creator/4.1/psoc creator/import/gnu/arm/5.4.1/bin/../lib/gcc/arm-none-eabi/5.4.1/../../../../arm-none-eabi/lib/armv7-m\libg_nano.a(lib_a-impure.o)
 .data._impure_ptr
                0x1fff8184        0x4 c:/program files (x86)/cypress/psoc creator/4.1/psoc creator/import/gnu/arm/5.4.1/bin/../lib/gcc/arm-none-eabi/5.4.1/../../../../arm-none-eabi/lib/armv7-m\libg_nano.a(lib_a-impure.o)
                0x1fff8184                _impure_ptr
                0x1fff8188                . = ALIGN (0x8)
 *(.ram)
                0x1fff8188                _edata = .

.igot.plt       0x1fff8188        0x0 load address 0x000011e8
 .igot.plt      0x1fff8188        0x0 c:/program files (x86)/cypress/psoc creator/4.1/psoc creator/import/gnu/arm/5.4.1/bin/../lib/gcc/arm-none-eabi/5.4.1/armv7-m/crtbegin.o

.bss            0x1fff8188       0x68 load address 0x000011e8
                0x1fff8188                PROVIDE (__bss_start__, .)
 *(.shbss)
 *(.bss .bss.* .gnu.linkonce.b.*)
 .bss           0x1fff8188       0x1c c:/program files (x86)/cypress/psoc creator/4.1/psoc creator/import/gnu/arm/5.4.1/bin/../lib/gcc/arm-none-eabi/5.4.1/armv7-m/crtbegin.o
 .bss           0x1fff81a4        0x1 .\CortexM3\ARM_GCC_541\Release\CapSense_5LP_test.a(CapSense.o)
 .bss           0x1fff81a5        0x4 .\CortexM3\ARM_GCC_541\Release\CapSense_5LP_test.a(CapSense_CSHL.o)
                0x1fff81a5                CapSense_debounceCounter
 *(COMMON)
 *fill*         0x1fff81a9        0x1 
 COMMON         0x1fff81aa        0xb .\CortexM3\ARM_GCC_541\Release\CapSense_5LP_test.a(CapSense.o)
                0x1fff81aa                CapSense_sensorRaw
                0x1fff81b0                CapSense_analogSwitchDivider
                0x1fff81b3                CapSense_sensorIndex
                0x1fff81b4                CapSense_csv
 *fill*         0x1fff81b5        0x1 
 COMMON         0x1fff81b6       0x17 .\CortexM3\ARM_GCC_541\Release\CapSense_5LP_test.a(CapSense_CSHL.o)
                0x1fff81b6                CapSense_lowBaselineResetCnt
                0x1fff81b9                CapSense_sensorBaselineLow
                0x1fff81bc                CapSense_sensorSignal
                0x1fff81c0                CapSense_sensorBaseline
                0x1fff81c6                CapSense_rawFilterData1
                0x1fff81cc                CapSense_sensorOnMask
 *fill*         0x1fff81cd        0x1 
 COMMON         0x1fff81ce       0x1f .\CortexM3\ARM_GCC_541\Release\CapSense_5LP_test.a(CapSense_SMS_Wrapper.o)
                0x1fff81ce                SMS_LIB_Table4
                0x1fff81d4                SMS_LIB_Table7
                0x1fff81d7                SMS_LIB_Table8
                0x1fff81da                SMS_LIB_Table2
                0x1fff81de                SMS_LIB_Table5
                0x1fff81e4                SMS_LIB_Table9
                0x1fff81e7                SMS_LIB_Table6
                0x1fff81ea                SMS_LIB_Table3
                0x1fff81f0                . = ALIGN (0x8)
 *fill*         0x1fff81ed        0x3 
 *(.ram.b)
                0x1fff81f0                _end = .
                0x1fff81f0                __end = .
                0x1fff81f0                PROVIDE (end, .)
                0x1fff81f0                PROVIDE (__bss_end__, .)
                0x00001128                __cy_region_init_ram = LOADADDR (.data)
                0x000000c0                __cy_region_init_size_ram = (_edata - ADDR (.data))
                0x00000068                __cy_region_zero_size_ram = (_end - _edata)

.heap           0x1fff81f0       0x80 load address 0x000011e8
                0x1fff81f0                . = _end
                0x1fff8270                . = (. + 0x80)
 *fill*         0x1fff81f0       0x80 
                0x1fff8270                __cy_heap_limit = .

.stack          0x20007800      0x800
                0x20007800                __cy_stack_limit = .
                0x20008000                . = (. + 0x800)
 *fill*         0x20007800      0x800 
                0x00000001                ASSERT ((__cy_stack_limit >= __cy_heap_limit), region RAM overflowed with stack)
                0x00000000                cy_checksum_exclude_size = (CY_APPL_LOADABLE == 0x1)?SIZEOF (.cy_checksum_exclude):0x0
                0x00000001                ASSERT ((cy_checksum_exclude_size <= CY_CHECKSUM_EXCLUDE_SIZE), CY_BOOT: Section .cy_checksum_exclude size exceedes specified limit.)

.cyloadermeta
 *(.cyloadermeta)

.cyloadablemeta
 *(.cyloadablemeta)

.cyconfigecc    0x80000000      0x338
 *(.cyconfigecc)
 .cyconfigecc   0x80000000      0x338 .\CortexM3\ARM_GCC_541\Release\cymetadata.o
                0x80000000                cy_meta_configecc

.cycustnvl      0x90000000        0x4
 *(.cycustnvl)
 .cycustnvl     0x90000000        0x4 .\CortexM3\ARM_GCC_541\Release\cymetadata.o
                0x90000000                cy_meta_custnvl

.cywolatch      0x90100000        0x4
 *(.cywolatch)
 .cywolatch     0x90100000        0x4 .\CortexM3\ARM_GCC_541\Release\cymetadata.o
                0x90100000                cy_meta_wonvl

.cyeeprom       0x90200000        0x0
 *(.cyeeprom)
                0x00000001                ASSERT ((. <= ((0x90200000 + ee_offset) + ee_size)), .cyeeprom data will not fit in EEPROM)

.cyflashprotect
                0x90400000      0x100
 *(.cyflashprotect)
 .cyflashprotect
                0x90400000      0x100 .\CortexM3\ARM_GCC_541\Release\cymetadata.o
                0x90400000                cy_meta_flashprotect

.cymeta         0x90500000        0xc
 *(.cymeta)
 .cymeta        0x90500000        0xc .\CortexM3\ARM_GCC_541\Release\cymetadata.o
                0x90500000                cy_metadata

.rel.dyn        0x000011e8        0x0 load address 0x9050000c
 .rel.iplt      0x000011e8        0x0 c:/program files (x86)/cypress/psoc creator/4.1/psoc creator/import/gnu/arm/5.4.1/bin/../lib/gcc/arm-none-eabi/5.4.1/armv7-m/crtbegin.o

.stab
 *(.stab)

.stabstr
 *(.stabstr)

.debug
 *(.debug)

.line
 *(.line)

.debug_srcinfo
 *(.debug_srcinfo)

.debug_sfnames
 *(.debug_sfnames)

.debug_aranges  0x00000000      0x880
 *(.debug_aranges)
 .debug_aranges
                0x00000000       0x20 .\CortexM3\ARM_GCC_541\Release\main.o
 .debug_aranges
                0x00000020       0x38 .\CortexM3\ARM_GCC_541\Release\cyfitter_cfg.o
 .debug_aranges
                0x00000058       0x18 .\CortexM3\ARM_GCC_541\Release\cymetadata.o
 .debug_aranges
                0x00000070       0x48 .\CortexM3\ARM_GCC_541\Release\Cm3Start.o
 .debug_aranges
                0x000000b8       0xb0 .\CortexM3\ARM_GCC_541\Release\CapSense_5LP_test.a(CapSense.o)
 .debug_aranges
                0x00000168       0x78 .\CortexM3\ARM_GCC_541\Release\CapSense_5LP_test.a(CapSense_CSHL.o)
 .debug_aranges
                0x000001e0       0x20 .\CortexM3\ARM_GCC_541\Release\CapSense_5LP_test.a(CapSense_INT.o)
 .debug_aranges
                0x00000200       0x50 .\CortexM3\ARM_GCC_541\Release\CapSense_5LP_test.a(CapSense_SMS_Wrapper.o)
 .debug_aranges
                0x00000250       0x38 .\CortexM3\ARM_GCC_541\Release\CapSense_5LP_test.a(LED.o)
 .debug_aranges
                0x00000288       0x70 .\CortexM3\ARM_GCC_541\Release\CapSense_5LP_test.a(CapSense_CompCH0.o)
 .debug_aranges
                0x000002f8       0x60 .\CortexM3\ARM_GCC_541\Release\CapSense_5LP_test.a(CapSense_IdacCH0.o)
 .debug_aranges
                0x00000358       0x40 .\CortexM3\ARM_GCC_541\Release\CapSense_5LP_test.a(CapSense_AMuxCH0.o)
 .debug_aranges
                0x00000398       0x70 .\CortexM3\ARM_GCC_541\Release\CapSense_5LP_test.a(CapSense_IntClock.o)
 .debug_aranges
                0x00000408      0x298 .\CortexM3\ARM_GCC_541\Release\CapSense_5LP_test.a(CyLib.o)
 .debug_aranges
                0x000006a0       0x78 .\CortexM3\ARM_GCC_541\Release\CapSense_5LP_test.a(cyPm.o)
 .debug_aranges
                0x00000718       0x20 .\CortexM3\ARM_GCC_541\Release\CapSense_5LP_test.a(CyBootAsmGnu.o)
 .debug_aranges
                0x00000738       0x70 .\CortexM3\ARM_GCC_541\Release\CapSense_5LP_test.a(CyFlash.o)
 .debug_aranges
                0x000007a8       0x78 .\CortexM3\ARM_GCC_541\Release\CapSense_5LP_test.a(CySpc.o)
 .debug_aranges
                0x00000820       0x60 C:\Program Files (x86)\Cypress\PSoC Creator\4.1\PSoC Creator\psoc\content\CyComponentLibrary\CyComponentLibrary.cylib\CapSense_CSD_v3_50\Library\CapSenseLibrary_GCC.a(CapSense_CSD_SmartSense_v3_50.o)

.debug_pubnames
 *(.debug_pubnames)

.debug_info     0x00000000     0x5b9b
 *(.debug_info .gnu.linkonce.wi.*)
 .debug_info    0x00000000      0x1d8 .\CortexM3\ARM_GCC_541\Release\main.o
 .debug_info    0x000001d8      0x561 .\CortexM3\ARM_GCC_541\Release\cyfitter_cfg.o
 .debug_info    0x00000739      0x135 .\CortexM3\ARM_GCC_541\Release\cymetadata.o
 .debug_info    0x0000086e      0x3b7 .\CortexM3\ARM_GCC_541\Release\Cm3Start.o
 .debug_info    0x00000c25      0x886 .\CortexM3\ARM_GCC_541\Release\CapSense_5LP_test.a(CapSense.o)
 .debug_info    0x000014ab      0x70b .\CortexM3\ARM_GCC_541\Release\CapSense_5LP_test.a(CapSense_CSHL.o)
 .debug_info    0x00001bb6      0x10d .\CortexM3\ARM_GCC_541\Release\CapSense_5LP_test.a(CapSense_INT.o)
 .debug_info    0x00001cc3      0x4b3 .\CortexM3\ARM_GCC_541\Release\CapSense_5LP_test.a(CapSense_SMS_Wrapper.o)
 .debug_info    0x00002176      0x121 .\CortexM3\ARM_GCC_541\Release\CapSense_5LP_test.a(LED.o)
 .debug_info    0x00002297      0x2d2 .\CortexM3\ARM_GCC_541\Release\CapSense_5LP_test.a(CapSense_CompCH0.o)
 .debug_info    0x00002569      0x227 .\CortexM3\ARM_GCC_541\Release\CapSense_5LP_test.a(CapSense_IdacCH0.o)
 .debug_info    0x00002790      0x1b3 .\CortexM3\ARM_GCC_541\Release\CapSense_5LP_test.a(CapSense_AMuxCH0.o)
 .debug_info    0x00002943      0x29d .\CortexM3\ARM_GCC_541\Release\CapSense_5LP_test.a(CapSense_IntClock.o)
 .debug_info    0x00002be0     0x1343 .\CortexM3\ARM_GCC_541\Release\CapSense_5LP_test.a(CyLib.o)
 .debug_info    0x00003f23      0x97e .\CortexM3\ARM_GCC_541\Release\CapSense_5LP_test.a(cyPm.o)
 .debug_info    0x000048a1       0x99 .\CortexM3\ARM_GCC_541\Release\CapSense_5LP_test.a(CyBootAsmGnu.o)
 .debug_info    0x0000493a      0x610 .\CortexM3\ARM_GCC_541\Release\CapSense_5LP_test.a(CyFlash.o)
 .debug_info    0x00004f4a      0x4e9 .\CortexM3\ARM_GCC_541\Release\CapSense_5LP_test.a(CySpc.o)
 .debug_info    0x00005433      0x768 C:\Program Files (x86)\Cypress\PSoC Creator\4.1\PSoC Creator\psoc\content\CyComponentLibrary\CyComponentLibrary.cylib\CapSense_CSD_v3_50\Library\CapSenseLibrary_GCC.a(CapSense_CSD_SmartSense_v3_50.o)

.debug_abbrev   0x00000000     0x1bfc
 *(.debug_abbrev)
 .debug_abbrev  0x00000000       0xae .\CortexM3\ARM_GCC_541\Release\main.o
 .debug_abbrev  0x000000ae      0x22e .\CortexM3\ARM_GCC_541\Release\cyfitter_cfg.o
 .debug_abbrev  0x000002dc       0x66 .\CortexM3\ARM_GCC_541\Release\cymetadata.o
 .debug_abbrev  0x00000342      0x1f4 .\CortexM3\ARM_GCC_541\Release\Cm3Start.o
 .debug_abbrev  0x00000536      0x1ef .\CortexM3\ARM_GCC_541\Release\CapSense_5LP_test.a(CapSense.o)
 .debug_abbrev  0x00000725      0x22f .\CortexM3\ARM_GCC_541\Release\CapSense_5LP_test.a(CapSense_CSHL.o)
 .debug_abbrev  0x00000954       0x93 .\CortexM3\ARM_GCC_541\Release\CapSense_5LP_test.a(CapSense_INT.o)
 .debug_abbrev  0x000009e7      0x10a .\CortexM3\ARM_GCC_541\Release\CapSense_5LP_test.a(CapSense_SMS_Wrapper.o)
 .debug_abbrev  0x00000af1       0x90 .\CortexM3\ARM_GCC_541\Release\CapSense_5LP_test.a(LED.o)
 .debug_abbrev  0x00000b81      0x1ba .\CortexM3\ARM_GCC_541\Release\CapSense_5LP_test.a(CapSense_CompCH0.o)
 .debug_abbrev  0x00000d3b      0x14f .\CortexM3\ARM_GCC_541\Release\CapSense_5LP_test.a(CapSense_IdacCH0.o)
 .debug_abbrev  0x00000e8a       0xe4 .\CortexM3\ARM_GCC_541\Release\CapSense_5LP_test.a(CapSense_AMuxCH0.o)
 .debug_abbrev  0x00000f6e      0x144 .\CortexM3\ARM_GCC_541\Release\CapSense_5LP_test.a(CapSense_IntClock.o)
 .debug_abbrev  0x000010b2      0x390 .\CortexM3\ARM_GCC_541\Release\CapSense_5LP_test.a(CyLib.o)
 .debug_abbrev  0x00001442      0x1d5 .\CortexM3\ARM_GCC_541\Release\CapSense_5LP_test.a(cyPm.o)
 .debug_abbrev  0x00001617       0x14 .\CortexM3\ARM_GCC_541\Release\CapSense_5LP_test.a(CyBootAsmGnu.o)
 .debug_abbrev  0x0000162b      0x22a .\CortexM3\ARM_GCC_541\Release\CapSense_5LP_test.a(CyFlash.o)
 .debug_abbrev  0x00001855      0x1a2 .\CortexM3\ARM_GCC_541\Release\CapSense_5LP_test.a(CySpc.o)
 .debug_abbrev  0x000019f7      0x205 C:\Program Files (x86)\Cypress\PSoC Creator\4.1\PSoC Creator\psoc\content\CyComponentLibrary\CyComponentLibrary.cylib\CapSense_CSD_v3_50\Library\CapSenseLibrary_GCC.a(CapSense_CSD_SmartSense_v3_50.o)

.debug_line     0x00000000     0x2687
 *(.debug_line)
 .debug_line    0x00000000      0x19f .\CortexM3\ARM_GCC_541\Release\main.o
 .debug_line    0x0000019f      0x1ce .\CortexM3\ARM_GCC_541\Release\cyfitter_cfg.o
 .debug_line    0x0000036d      0x141 .\CortexM3\ARM_GCC_541\Release\cymetadata.o
 .debug_line    0x000004ae      0x21f .\CortexM3\ARM_GCC_541\Release\Cm3Start.o
 .debug_line    0x000006cd      0x30c .\CortexM3\ARM_GCC_541\Release\CapSense_5LP_test.a(CapSense.o)
 .debug_line    0x000009d9      0x26f .\CortexM3\ARM_GCC_541\Release\CapSense_5LP_test.a(CapSense_CSHL.o)
 .debug_line    0x00000c48       0x80 .\CortexM3\ARM_GCC_541\Release\CapSense_5LP_test.a(CapSense_INT.o)
 .debug_line    0x00000cc8       0xf2 .\CortexM3\ARM_GCC_541\Release\CapSense_5LP_test.a(CapSense_SMS_Wrapper.o)
 .debug_line    0x00000dba       0x92 .\CortexM3\ARM_GCC_541\Release\CapSense_5LP_test.a(LED.o)
 .debug_line    0x00000e4c      0x1a1 .\CortexM3\ARM_GCC_541\Release\CapSense_5LP_test.a(CapSense_CompCH0.o)
 .debug_line    0x00000fed      0x116 .\CortexM3\ARM_GCC_541\Release\CapSense_5LP_test.a(CapSense_IdacCH0.o)
 .debug_line    0x00001103       0xd3 .\CortexM3\ARM_GCC_541\Release\CapSense_5LP_test.a(CapSense_AMuxCH0.o)
 .debug_line    0x000011d6      0x1b5 .\CortexM3\ARM_GCC_541\Release\CapSense_5LP_test.a(CapSense_IntClock.o)
 .debug_line    0x0000138b      0x7fc .\CortexM3\ARM_GCC_541\Release\CapSense_5LP_test.a(CyLib.o)
 .debug_line    0x00001b87      0x3be .\CortexM3\ARM_GCC_541\Release\CapSense_5LP_test.a(cyPm.o)
 .debug_line    0x00001f45       0x66 .\CortexM3\ARM_GCC_541\Release\CapSense_5LP_test.a(CyBootAsmGnu.o)
 .debug_line    0x00001fab      0x1c8 .\CortexM3\ARM_GCC_541\Release\CapSense_5LP_test.a(CyFlash.o)
 .debug_line    0x00002173      0x226 .\CortexM3\ARM_GCC_541\Release\CapSense_5LP_test.a(CySpc.o)
 .debug_line    0x00002399      0x2ee C:\Program Files (x86)\Cypress\PSoC Creator\4.1\PSoC Creator\psoc\content\CyComponentLibrary\CyComponentLibrary.cylib\CapSense_CSD_v3_50\Library\CapSenseLibrary_GCC.a(CapSense_CSD_SmartSense_v3_50.o)

.debug_frame    0x00000000     0x16f4
 *(.debug_frame)
 .debug_frame   0x00000000       0x2c .\CortexM3\ARM_GCC_541\Release\main.o
 .debug_frame   0x0000002c       0x68 .\CortexM3\ARM_GCC_541\Release\cyfitter_cfg.o
 .debug_frame   0x00000094       0xb8 .\CortexM3\ARM_GCC_541\Release\Cm3Start.o
 .debug_frame   0x0000014c      0x21c .\CortexM3\ARM_GCC_541\Release\CapSense_5LP_test.a(CapSense.o)
 .debug_frame   0x00000368      0x190 .\CortexM3\ARM_GCC_541\Release\CapSense_5LP_test.a(CapSense_CSHL.o)
 .debug_frame   0x000004f8       0x40 .\CortexM3\ARM_GCC_541\Release\CapSense_5LP_test.a(CapSense_INT.o)
 .debug_frame   0x00000538       0x80 .\CortexM3\ARM_GCC_541\Release\CapSense_5LP_test.a(CapSense_SMS_Wrapper.o)
 .debug_frame   0x000005b8       0x50 .\CortexM3\ARM_GCC_541\Release\CapSense_5LP_test.a(LED.o)
 .debug_frame   0x00000608      0x11c .\CortexM3\ARM_GCC_541\Release\CapSense_5LP_test.a(CapSense_CompCH0.o)
 .debug_frame   0x00000724       0xbc .\CortexM3\ARM_GCC_541\Release\CapSense_5LP_test.a(CapSense_IdacCH0.o)
 .debug_frame   0x000007e0       0xa4 .\CortexM3\ARM_GCC_541\Release\CapSense_5LP_test.a(CapSense_AMuxCH0.o)
 .debug_frame   0x00000884       0xe0 .\CortexM3\ARM_GCC_541\Release\CapSense_5LP_test.a(CapSense_IntClock.o)
 .debug_frame   0x00000964      0x6f8 .\CortexM3\ARM_GCC_541\Release\CapSense_5LP_test.a(CyLib.o)
 .debug_frame   0x0000105c      0x1c8 .\CortexM3\ARM_GCC_541\Release\CapSense_5LP_test.a(cyPm.o)
 .debug_frame   0x00001224      0x144 .\CortexM3\ARM_GCC_541\Release\CapSense_5LP_test.a(CyFlash.o)
 .debug_frame   0x00001368      0x170 .\CortexM3\ARM_GCC_541\Release\CapSense_5LP_test.a(CySpc.o)
 .debug_frame   0x000014d8      0x168 C:\Program Files (x86)\Cypress\PSoC Creator\4.1\PSoC Creator\psoc\content\CyComponentLibrary\CyComponentLibrary.cylib\CapSense_CSD_v3_50\Library\CapSenseLibrary_GCC.a(CapSense_CSD_SmartSense_v3_50.o)
 .debug_frame   0x00001640       0x20 c:/program files (x86)/cypress/psoc creator/4.1/psoc creator/import/gnu/arm/5.4.1/bin/../lib/gcc/arm-none-eabi/5.4.1/armv7-m\libgcc.a(_udivsi3.o)
 .debug_frame   0x00001660       0x20 c:/program files (x86)/cypress/psoc creator/4.1/psoc creator/import/gnu/arm/5.4.1/bin/../lib/gcc/arm-none-eabi/5.4.1/../../../../arm-none-eabi/lib/armv7-m\libg_nano.a(lib_a-errno.o)
 .debug_frame   0x00001680       0x28 c:/program files (x86)/cypress/psoc creator/4.1/psoc creator/import/gnu/arm/5.4.1/bin/../lib/gcc/arm-none-eabi/5.4.1/../../../../arm-none-eabi/lib/armv7-m\libg_nano.a(lib_a-exit.o)
 .debug_frame   0x000016a8       0x2c c:/program files (x86)/cypress/psoc creator/4.1/psoc creator/import/gnu/arm/5.4.1/bin/../lib/gcc/arm-none-eabi/5.4.1/../../../../arm-none-eabi/lib/armv7-m\libg_nano.a(lib_a-init.o)
 .debug_frame   0x000016d4       0x20 c:/program files (x86)/cypress/psoc creator/4.1/psoc creator/import/gnu/arm/5.4.1/bin/../lib/gcc/arm-none-eabi/5.4.1/../../../../arm-none-eabi/lib/armv7-m\libg_nano.a(lib_a-memset.o)

.debug_str      0x00000000     0x2559
 *(.debug_str)
 .debug_str     0x00000000      0x211 .\CortexM3\ARM_GCC_541\Release\main.o
                                0x259 (size before relaxing)
 .debug_str     0x00000211      0x1f2 .\CortexM3\ARM_GCC_541\Release\cyfitter_cfg.o
                                0x383 (size before relaxing)
 .debug_str     0x00000403       0x7f .\CortexM3\ARM_GCC_541\Release\cymetadata.o
                                0x1ed (size before relaxing)
 .debug_str     0x00000482      0x13e .\CortexM3\ARM_GCC_541\Release\Cm3Start.o
                                0x313 (size before relaxing)
 .debug_str     0x000005c0      0x463 .\CortexM3\ARM_GCC_541\Release\CapSense_5LP_test.a(CapSense.o)
                                0x67d (size before relaxing)
 .debug_str     0x00000a23      0x2ac .\CortexM3\ARM_GCC_541\Release\CapSense_5LP_test.a(CapSense_CSHL.o)
                                0x57c (size before relaxing)
 .debug_str     0x00000ccf       0x3a .\CortexM3\ARM_GCC_541\Release\CapSense_5LP_test.a(CapSense_INT.o)
                                0x221 (size before relaxing)
 .debug_str     0x00000d09      0x320 .\CortexM3\ARM_GCC_541\Release\CapSense_5LP_test.a(CapSense_SMS_Wrapper.o)
                                0x631 (size before relaxing)
 .debug_str     0x00001029       0x57 .\CortexM3\ARM_GCC_541\Release\CapSense_5LP_test.a(LED.o)
                                0x1e1 (size before relaxing)
 .debug_str     0x00001080      0x182 .\CortexM3\ARM_GCC_541\Release\CapSense_5LP_test.a(CapSense_CompCH0.o)
                                0x363 (size before relaxing)
 .debug_str     0x00001202       0x9c .\CortexM3\ARM_GCC_541\Release\CapSense_5LP_test.a(CapSense_IdacCH0.o)
                                0x2bc (size before relaxing)
 .debug_str     0x0000129e       0xe5 .\CortexM3\ARM_GCC_541\Release\CapSense_5LP_test.a(CapSense_AMuxCH0.o)
                                0x28e (size before relaxing)
 .debug_str     0x00001383      0x1ab .\CortexM3\ARM_GCC_541\Release\CapSense_5LP_test.a(CapSense_IntClock.o)
                                0x36f (size before relaxing)
 .debug_str     0x0000152e      0x7e5 .\CortexM3\ARM_GCC_541\Release\CapSense_5LP_test.a(CyLib.o)
                                0xa50 (size before relaxing)
 .debug_str     0x00001d13      0x365 .\CortexM3\ARM_GCC_541\Release\CapSense_5LP_test.a(cyPm.o)
                                0x735 (size before relaxing)
 .debug_str     0x00002078      0x19c .\CortexM3\ARM_GCC_541\Release\CapSense_5LP_test.a(CyFlash.o)
                                0x3a3 (size before relaxing)
 .debug_str     0x00002214       0xac .\CortexM3\ARM_GCC_541\Release\CapSense_5LP_test.a(CySpc.o)
                                0x333 (size before relaxing)
 .debug_str     0x000022c0      0x299 C:\Program Files (x86)\Cypress\PSoC Creator\4.1\PSoC Creator\psoc\content\CyComponentLibrary\CyComponentLibrary.cylib\CapSense_CSD_v3_50\Library\CapSenseLibrary_GCC.a(CapSense_CSD_SmartSense_v3_50.o)
                                0x63b (size before relaxing)

.debug_loc      0x00000000     0x2ccd
 *(.debug_loc)
 .debug_loc     0x00000000      0x2c9 .\CortexM3\ARM_GCC_541\Release\cyfitter_cfg.o
 .debug_loc     0x000002c9      0x1af .\CortexM3\ARM_GCC_541\Release\Cm3Start.o
 .debug_loc     0x00000478      0x288 .\CortexM3\ARM_GCC_541\Release\CapSense_5LP_test.a(CapSense.o)
 .debug_loc     0x00000700      0x4a1 .\CortexM3\ARM_GCC_541\Release\CapSense_5LP_test.a(CapSense_CSHL.o)
 .debug_loc     0x00000ba1       0x63 .\CortexM3\ARM_GCC_541\Release\CapSense_5LP_test.a(CapSense_SMS_Wrapper.o)
 .debug_loc     0x00000c04       0x5a .\CortexM3\ARM_GCC_541\Release\CapSense_5LP_test.a(LED.o)
 .debug_loc     0x00000c5e      0x123 .\CortexM3\ARM_GCC_541\Release\CapSense_5LP_test.a(CapSense_CompCH0.o)
 .debug_loc     0x00000d81       0x9b .\CortexM3\ARM_GCC_541\Release\CapSense_5LP_test.a(CapSense_IdacCH0.o)
 .debug_loc     0x00000e1c       0x6c .\CortexM3\ARM_GCC_541\Release\CapSense_5LP_test.a(CapSense_AMuxCH0.o)
 .debug_loc     0x00000e88       0xa6 .\CortexM3\ARM_GCC_541\Release\CapSense_5LP_test.a(CapSense_IntClock.o)
 .debug_loc     0x00000f2e      0xa20 .\CortexM3\ARM_GCC_541\Release\CapSense_5LP_test.a(CyLib.o)
 .debug_loc     0x0000194e      0x1d6 .\CortexM3\ARM_GCC_541\Release\CapSense_5LP_test.a(cyPm.o)
 .debug_loc     0x00001b24      0x3ab .\CortexM3\ARM_GCC_541\Release\CapSense_5LP_test.a(CyFlash.o)
 .debug_loc     0x00001ecf      0x5ef .\CortexM3\ARM_GCC_541\Release\CapSense_5LP_test.a(CySpc.o)
 .debug_loc     0x000024be      0x80f C:\Program Files (x86)\Cypress\PSoC Creator\4.1\PSoC Creator\psoc\content\CyComponentLibrary\CyComponentLibrary.cylib\CapSense_CSD_v3_50\Library\CapSenseLibrary_GCC.a(CapSense_CSD_SmartSense_v3_50.o)

.debug_macinfo
 *(.debug_macinfo)

.debug_ranges   0x00000000      0x8e8
 *(.debug_ranges)
 .debug_ranges  0x00000000       0x10 .\CortexM3\ARM_GCC_541\Release\main.o
 .debug_ranges  0x00000010       0xf8 .\CortexM3\ARM_GCC_541\Release\cyfitter_cfg.o
 .debug_ranges  0x00000108       0x50 .\CortexM3\ARM_GCC_541\Release\Cm3Start.o
 .debug_ranges  0x00000158       0xa0 .\CortexM3\ARM_GCC_541\Release\CapSense_5LP_test.a(CapSense.o)
 .debug_ranges  0x000001f8       0x68 .\CortexM3\ARM_GCC_541\Release\CapSense_5LP_test.a(CapSense_CSHL.o)
 .debug_ranges  0x00000260       0x10 .\CortexM3\ARM_GCC_541\Release\CapSense_5LP_test.a(CapSense_INT.o)
 .debug_ranges  0x00000270       0x40 .\CortexM3\ARM_GCC_541\Release\CapSense_5LP_test.a(CapSense_SMS_Wrapper.o)
 .debug_ranges  0x000002b0       0x28 .\CortexM3\ARM_GCC_541\Release\CapSense_5LP_test.a(LED.o)
 .debug_ranges  0x000002d8       0x60 .\CortexM3\ARM_GCC_541\Release\CapSense_5LP_test.a(CapSense_CompCH0.o)
 .debug_ranges  0x00000338       0x50 .\CortexM3\ARM_GCC_541\Release\CapSense_5LP_test.a(CapSense_IdacCH0.o)
 .debug_ranges  0x00000388       0x30 .\CortexM3\ARM_GCC_541\Release\CapSense_5LP_test.a(CapSense_AMuxCH0.o)
 .debug_ranges  0x000003b8       0xb8 .\CortexM3\ARM_GCC_541\Release\CapSense_5LP_test.a(CapSense_IntClock.o)
 .debug_ranges  0x00000470      0x2b8 .\CortexM3\ARM_GCC_541\Release\CapSense_5LP_test.a(CyLib.o)
 .debug_ranges  0x00000728       0x90 .\CortexM3\ARM_GCC_541\Release\CapSense_5LP_test.a(cyPm.o)
 .debug_ranges  0x000007b8       0x78 .\CortexM3\ARM_GCC_541\Release\CapSense_5LP_test.a(CyFlash.o)
 .debug_ranges  0x00000830       0x68 .\CortexM3\ARM_GCC_541\Release\CapSense_5LP_test.a(CySpc.o)
 .debug_ranges  0x00000898       0x50 C:\Program Files (x86)\Cypress\PSoC Creator\4.1\PSoC Creator\psoc\content\CyComponentLibrary\CyComponentLibrary.cylib\CapSense_CSD_v3_50\Library\CapSenseLibrary_GCC.a(CapSense_CSD_SmartSense_v3_50.o)

.comment        0x00000000       0xde
 .comment       0x00000000       0x6e .\CortexM3\ARM_GCC_541\Release\main.o
                                 0x6f (size before relaxing)
 .comment       0x0000006e       0x6f .\CortexM3\ARM_GCC_541\Release\cyfitter_cfg.o
 .comment       0x0000006e       0x6f .\CortexM3\ARM_GCC_541\Release\cymetadata.o
 .comment       0x0000006e       0x6f .\CortexM3\ARM_GCC_541\Release\Cm3Start.o
 .comment       0x0000006e       0x6f .\CortexM3\ARM_GCC_541\Release\CapSense_5LP_test.a(CapSense.o)
 .comment       0x0000006e       0x6f .\CortexM3\ARM_GCC_541\Release\CapSense_5LP_test.a(CapSense_CSHL.o)
 .comment       0x0000006e       0x6f .\CortexM3\ARM_GCC_541\Release\CapSense_5LP_test.a(CapSense_INT.o)
 .comment       0x0000006e       0x6f .\CortexM3\ARM_GCC_541\Release\CapSense_5LP_test.a(CapSense_SMS_Wrapper.o)
 .comment       0x0000006e       0x6f .\CortexM3\ARM_GCC_541\Release\CapSense_5LP_test.a(LED.o)
 .comment       0x0000006e       0x6f .\CortexM3\ARM_GCC_541\Release\CapSense_5LP_test.a(CapSense_CompCH0.o)
 .comment       0x0000006e       0x6f .\CortexM3\ARM_GCC_541\Release\CapSense_5LP_test.a(CapSense_IdacCH0.o)
 .comment       0x0000006e       0x6f .\CortexM3\ARM_GCC_541\Release\CapSense_5LP_test.a(CapSense_AMuxCH0.o)
 .comment       0x0000006e       0x6f .\CortexM3\ARM_GCC_541\Release\CapSense_5LP_test.a(CapSense_IntClock.o)
 .comment       0x0000006e       0x6f .\CortexM3\ARM_GCC_541\Release\CapSense_5LP_test.a(CyLib.o)
 .comment       0x0000006e       0x6f .\CortexM3\ARM_GCC_541\Release\CapSense_5LP_test.a(cyPm.o)
 .comment       0x0000006e       0x6f .\CortexM3\ARM_GCC_541\Release\CapSense_5LP_test.a(CyFlash.o)
 .comment       0x0000006e       0x6f .\CortexM3\ARM_GCC_541\Release\CapSense_5LP_test.a(CySpc.o)
 .comment       0x0000006e       0x70 C:\Program Files (x86)\Cypress\PSoC Creator\4.1\PSoC Creator\psoc\content\CyComponentLibrary\CyComponentLibrary.cylib\CapSense_CSD_v3_50\Library\CapSenseLibrary_GCC.a(CapSense_CSD_SmartSense_v3_50.o)
                                 0x71 (size before relaxing)

.debug_weaknames
 *(.debug_weaknames)

.debug_funcnames
 *(.debug_funcnames)

.debug_typenames
 *(.debug_typenames)

.debug_varnames
 *(.debug_varnames)

.note.gnu.arm.ident
 *(.note.gnu.arm.ident)

.ARM.attributes
                0x00000000       0x29
 *(.ARM.attributes)
 .ARM.attributes
                0x00000000       0x1d c:/program files (x86)/cypress/psoc creator/4.1/psoc creator/import/gnu/arm/5.4.1/bin/../lib/gcc/arm-none-eabi/5.4.1/armv7-m/crti.o
 .ARM.attributes
                0x0000001d       0x2d c:/program files (x86)/cypress/psoc creator/4.1/psoc creator/import/gnu/arm/5.4.1/bin/../lib/gcc/arm-none-eabi/5.4.1/armv7-m/crtbegin.o
 .ARM.attributes
                0x0000004a       0x1b c:/program files (x86)/cypress/psoc creator/4.1/psoc creator/import/gnu/arm/5.4.1/bin/../lib/gcc/arm-none-eabi/5.4.1/../../../../arm-none-eabi/lib/armv7-m/crt0.o
 .ARM.attributes
                0x00000065       0x33 .\CortexM3\ARM_GCC_541\Release\main.o
 .ARM.attributes
                0x00000098       0x33 .\CortexM3\ARM_GCC_541\Release\cyfitter_cfg.o
 .ARM.attributes
                0x000000cb       0x33 .\CortexM3\ARM_GCC_541\Release\cymetadata.o
 .ARM.attributes
                0x000000fe       0x33 .\CortexM3\ARM_GCC_541\Release\Cm3Start.o
 .ARM.attributes
                0x00000131       0x33 .\CortexM3\ARM_GCC_541\Release\CapSense_5LP_test.a(CapSense.o)
 .ARM.attributes
                0x00000164       0x33 .\CortexM3\ARM_GCC_541\Release\CapSense_5LP_test.a(CapSense_CSHL.o)
 .ARM.attributes
                0x00000197       0x33 .\CortexM3\ARM_GCC_541\Release\CapSense_5LP_test.a(CapSense_INT.o)
 .ARM.attributes
                0x000001ca       0x33 .\CortexM3\ARM_GCC_541\Release\CapSense_5LP_test.a(CapSense_SMS_Wrapper.o)
 .ARM.attributes
                0x000001fd       0x33 .\CortexM3\ARM_GCC_541\Release\CapSense_5LP_test.a(LED.o)
 .ARM.attributes
                0x00000230       0x33 .\CortexM3\ARM_GCC_541\Release\CapSense_5LP_test.a(CapSense_CompCH0.o)
 .ARM.attributes
                0x00000263       0x33 .\CortexM3\ARM_GCC_541\Release\CapSense_5LP_test.a(CapSense_IdacCH0.o)
 .ARM.attributes
                0x00000296       0x33 .\CortexM3\ARM_GCC_541\Release\CapSense_5LP_test.a(CapSense_AMuxCH0.o)
 .ARM.attributes
                0x000002c9       0x33 .\CortexM3\ARM_GCC_541\Release\CapSense_5LP_test.a(CapSense_IntClock.o)
 .ARM.attributes
                0x000002fc       0x33 .\CortexM3\ARM_GCC_541\Release\CapSense_5LP_test.a(CyLib.o)
 .ARM.attributes
                0x0000032f       0x33 .\CortexM3\ARM_GCC_541\Release\CapSense_5LP_test.a(cyPm.o)
 .ARM.attributes
                0x00000362       0x21 .\CortexM3\ARM_GCC_541\Release\CapSense_5LP_test.a(CyBootAsmGnu.o)
 .ARM.attributes
                0x00000383       0x33 .\CortexM3\ARM_GCC_541\Release\CapSense_5LP_test.a(CyFlash.o)
 .ARM.attributes
                0x000003b6       0x33 .\CortexM3\ARM_GCC_541\Release\CapSense_5LP_test.a(CySpc.o)
 .ARM.attributes
                0x000003e9       0x31 C:\Program Files (x86)\Cypress\PSoC Creator\4.1\PSoC Creator\psoc\content\CyComponentLibrary\CyComponentLibrary.cylib\CapSense_CSD_v3_50\Library\CapSenseLibrary_GCC.a(CapSense_CSD_SmartSense_v3_50.o)
 .ARM.attributes
                0x0000041a       0x1d c:/program files (x86)/cypress/psoc creator/4.1/psoc creator/import/gnu/arm/5.4.1/bin/../lib/gcc/arm-none-eabi/5.4.1/armv7-m\libgcc.a(_udivsi3.o)
 .ARM.attributes
                0x00000437       0x1d c:/program files (x86)/cypress/psoc creator/4.1/psoc creator/import/gnu/arm/5.4.1/bin/../lib/gcc/arm-none-eabi/5.4.1/armv7-m\libgcc.a(_dvmd_tls.o)
 .ARM.attributes
                0x00000454       0x2d c:/program files (x86)/cypress/psoc creator/4.1/psoc creator/import/gnu/arm/5.4.1/bin/../lib/gcc/arm-none-eabi/5.4.1/../../../../arm-none-eabi/lib/armv7-m\libg_nano.a(lib_a-errno.o)
 .ARM.attributes
                0x00000481       0x2d c:/program files (x86)/cypress/psoc creator/4.1/psoc creator/import/gnu/arm/5.4.1/bin/../lib/gcc/arm-none-eabi/5.4.1/../../../../arm-none-eabi/lib/armv7-m\libg_nano.a(lib_a-exit.o)
 .ARM.attributes
                0x000004ae       0x2d c:/program files (x86)/cypress/psoc creator/4.1/psoc creator/import/gnu/arm/5.4.1/bin/../lib/gcc/arm-none-eabi/5.4.1/../../../../arm-none-eabi/lib/armv7-m\libg_nano.a(lib_a-impure.o)
 .ARM.attributes
                0x000004db       0x2d c:/program files (x86)/cypress/psoc creator/4.1/psoc creator/import/gnu/arm/5.4.1/bin/../lib/gcc/arm-none-eabi/5.4.1/../../../../arm-none-eabi/lib/armv7-m\libg_nano.a(lib_a-init.o)
 .ARM.attributes
                0x00000508       0x2d c:/program files (x86)/cypress/psoc creator/4.1/psoc creator/import/gnu/arm/5.4.1/bin/../lib/gcc/arm-none-eabi/5.4.1/../../../../arm-none-eabi/lib/armv7-m\libg_nano.a(lib_a-memset.o)
 .ARM.attributes
                0x00000535       0x2d c:/program files (x86)/cypress/psoc creator/4.1/psoc creator/import/gnu/arm/5.4.1/bin/../lib/gcc/arm-none-eabi/5.4.1/armv7-m/crtend.o
 .ARM.attributes
                0x00000562       0x1d c:/program files (x86)/cypress/psoc creator/4.1/psoc creator/import/gnu/arm/5.4.1/bin/../lib/gcc/arm-none-eabi/5.4.1/armv7-m/crtn.o

/DISCARD/
 *(.note.GNU-stack)
OUTPUT(C:\Users\Xwx47\Documents\Creator\CapSense_5LP_test\CapSense_5LP_test.cydsn\CortexM3\ARM_GCC_541\Release\CapSense_5LP_test.elf elf32-littlearm)
