Archive member included because of file (symbol)

.\CortexM3\ARM_GCC_484\Release\CapSense_5LP_test.a(cyfitter_cfg.o)
                              .\CortexM3\ARM_GCC_484\Release\Cm3Start.o (cyfitter_cfg)
.\CortexM3\ARM_GCC_484\Release\CapSense_5LP_test.a(CapSense.o)
                              .\CortexM3\ARM_GCC_484\Release\main.o (CapSense_IsBusy)
.\CortexM3\ARM_GCC_484\Release\CapSense_5LP_test.a(CapSense_CSHL.o)
                              .\CortexM3\ARM_GCC_484\Release\main.o (CapSense_InitializeAllBaselines)
.\CortexM3\ARM_GCC_484\Release\CapSense_5LP_test.a(CapSense_INT.o)
                              .\CortexM3\ARM_GCC_484\Release\CapSense_5LP_test.a(CapSense.o) (CapSense_IsrCH0_ISR)
.\CortexM3\ARM_GCC_484\Release\CapSense_5LP_test.a(CapSense_SMS_Wrapper.o)
                              .\CortexM3\ARM_GCC_484\Release\CapSense_5LP_test.a(CapSense_CSHL.o) (CapSense_CalculateThresholds)
.\CortexM3\ARM_GCC_484\Release\CapSense_5LP_test.a(LED.o)
                              .\CortexM3\ARM_GCC_484\Release\main.o (LED_Write)
.\CortexM3\ARM_GCC_484\Release\CapSense_5LP_test.a(CapSense_CompCH0.o)
                              .\CortexM3\ARM_GCC_484\Release\CapSense_5LP_test.a(CapSense.o) (CapSense_CompCH0_Enable)
.\CortexM3\ARM_GCC_484\Release\CapSense_5LP_test.a(CapSense_IdacCH0.o)
                              .\CortexM3\ARM_GCC_484\Release\CapSense_5LP_test.a(CapSense.o) (CapSense_IdacCH0_Enable)
.\CortexM3\ARM_GCC_484\Release\CapSense_5LP_test.a(CapSense_AMuxCH0.o)
                              .\CortexM3\ARM_GCC_484\Release\CapSense_5LP_test.a(CapSense.o) (CapSense_AMuxCH0_Init)
.\CortexM3\ARM_GCC_484\Release\CapSense_5LP_test.a(CapSense_IntClock.o)
                              .\CortexM3\ARM_GCC_484\Release\CapSense_5LP_test.a(CapSense.o) (CapSense_IntClock_Start)
.\CortexM3\ARM_GCC_484\Release\CapSense_5LP_test.a(CyBootAsmGnu.o)
                              .\CortexM3\ARM_GCC_484\Release\CapSense_5LP_test.a(cyfitter_cfg.o) (CyDelayCycles)
.\CortexM3\ARM_GCC_484\Release\CapSense_5LP_test.a(CyLib.o)
                              .\CortexM3\ARM_GCC_484\Release\Cm3Start.o (CyHalt)
.\CortexM3\ARM_GCC_484\Release\CapSense_5LP_test.a(cyPm.o)
                              .\CortexM3\ARM_GCC_484\Release\CapSense_5LP_test.a(CyLib.o) (CyPmReadStatus)
.\CortexM3\ARM_GCC_484\Release\CapSense_5LP_test.a(CyFlash.o)
                              .\CortexM3\ARM_GCC_484\Release\CapSense_5LP_test.a(cyPm.o) (CyFlash_SetWaitCycles)
.\CortexM3\ARM_GCC_484\Release\CapSense_5LP_test.a(CySpc.o)
                              .\CortexM3\ARM_GCC_484\Release\CapSense_5LP_test.a(CyFlash.o) (CySpcStart)
C:\Program Files (x86)\Cypress\PSoC Creator\3.2\PSoC Creator\psoc\content\cycomponentlibrary\CyComponentLibrary.cylib\CapSense_CSD_v3_50\Library\CapSenseLibrary_GCC.a(CapSense_CSD_SmartSense_v3_50.o)
                              .\CortexM3\ARM_GCC_484\Release\CapSense_5LP_test.a(CapSense_SMS_Wrapper.o) (SMS_LIB_V3_50_CalculateThresholds)
c:/program files (x86)/cypress/psoc creator/3.2/psoc creator/import/gnu/arm/4.8.4/bin/../lib/gcc/arm-none-eabi/4.8.4/armv7-m\libgcc.a(_udivsi3.o)
                              C:\Program Files (x86)\Cypress\PSoC Creator\3.2\PSoC Creator\psoc\content\cycomponentlibrary\CyComponentLibrary.cylib\CapSense_CSD_v3_50\Library\CapSenseLibrary_GCC.a(CapSense_CSD_SmartSense_v3_50.o) (__aeabi_uidiv)
c:/program files (x86)/cypress/psoc creator/3.2/psoc creator/import/gnu/arm/4.8.4/bin/../lib/gcc/arm-none-eabi/4.8.4/armv7-m\libgcc.a(_dvmd_tls.o)
                              c:/program files (x86)/cypress/psoc creator/3.2/psoc creator/import/gnu/arm/4.8.4/bin/../lib/gcc/arm-none-eabi/4.8.4/armv7-m\libgcc.a(_udivsi3.o) (__aeabi_idiv0)
c:/program files (x86)/cypress/psoc creator/3.2/psoc creator/import/gnu/arm/4.8.4/bin/../lib/gcc/arm-none-eabi/4.8.4/../../../../arm-none-eabi/lib/armv7-m\libg_s.a(lib_a-errno.o)
                              .\CortexM3\ARM_GCC_484\Release\Cm3Start.o (__errno)
c:/program files (x86)/cypress/psoc creator/3.2/psoc creator/import/gnu/arm/4.8.4/bin/../lib/gcc/arm-none-eabi/4.8.4/../../../../arm-none-eabi/lib/armv7-m\libg_s.a(lib_a-exit.o)
                              c:/program files (x86)/cypress/psoc creator/3.2/psoc creator/import/gnu/arm/4.8.4/bin/../lib/gcc/arm-none-eabi/4.8.4/../../../../arm-none-eabi/lib/armv7-m/crt0.o (exit)
c:/program files (x86)/cypress/psoc creator/3.2/psoc creator/import/gnu/arm/4.8.4/bin/../lib/gcc/arm-none-eabi/4.8.4/../../../../arm-none-eabi/lib/armv7-m\libg_s.a(lib_a-impure.o)
                              c:/program files (x86)/cypress/psoc creator/3.2/psoc creator/import/gnu/arm/4.8.4/bin/../lib/gcc/arm-none-eabi/4.8.4/../../../../arm-none-eabi/lib/armv7-m\libg_s.a(lib_a-exit.o) (_global_impure_ptr)
c:/program files (x86)/cypress/psoc creator/3.2/psoc creator/import/gnu/arm/4.8.4/bin/../lib/gcc/arm-none-eabi/4.8.4/../../../../arm-none-eabi/lib/armv7-m\libg_s.a(lib_a-init.o)
[...]
Memory Configuration

Name             Origin             Length             Attributes
rom              0x00000000         0x00040000         xr
ram              0x1fff8000         0x00010000         xrw
*default*        0x00000000         0xffffffff

Linker script and memory map

LOAD c:/program files (x86)/cypress/psoc creator/3.2/psoc creator/import/gnu/arm/4.8.4/bin/../lib/gcc/arm-none-eabi/4.8.4/armv7-m/crti.o
LOAD c:/program files (x86)/cypress/psoc creator/3.2/psoc creator/import/gnu/arm/4.8.4/bin/../lib/gcc/arm-none-eabi/4.8.4/armv7-m/crtbegin.o
LOAD c:/program files (x86)/cypress/psoc creator/3.2/psoc creator/import/gnu/arm/4.8.4/bin/../lib/gcc/arm-none-eabi/4.8.4/../../../../arm-none-eabi/lib/armv7-m/crt0.o
START GROUP
LOAD .\CortexM3\ARM_GCC_484\Release\main.o
LOAD .\CortexM3\ARM_GCC_484\Release\cymetadata.o
LOAD .\CortexM3\ARM_GCC_484\Release\Cm3Start.o
LOAD .\CortexM3\ARM_GCC_484\Release\CapSense_5LP_test.a
LOAD C:\Program Files (x86)\Cypress\PSoC Creator\3.2\PSoC Creator\psoc\content\cycomponentlibrary\CyComponentLibrary.cylib\CapSense_CSD_v3_50\Library\CapSenseLibrary_GCC.a
LOAD C:\Program Files (x86)\Cypress\PSoC Creator\3.2\PSoC Creator\psoc\content\cycomponentlibrary\CyComponentLibrary.cylib\CortexM3\ARM_GCC_484\Release\CyComponentLibrary.a
END GROUP
START GROUP
LOAD c:/program files (x86)/cypress/psoc creator/3.2/psoc creator/import/gnu/arm/4.8.4/bin/../lib/gcc/arm-none-eabi/4.8.4/armv7-m\libgcc.a
LOAD c:/program files (x86)/cypress/psoc creator/3.2/psoc creator/import/gnu/arm/4.8.4/bin/../lib/gcc/arm-none-eabi/4.8.4/../../../../arm-none-eabi/lib/armv7-m\libg_s.a
LOAD c:/program files (x86)/cypress/psoc creator/3.2/psoc creator/import/gnu/arm/4.8.4/bin/../lib/gcc/arm-none-eabi/4.8.4/../../../../arm-none-eabi/lib/armv7-m\libc_s.a
END GROUP
START GROUP
LOAD c:/program files (x86)/cypress/psoc creator/3.2/psoc creator/import/gnu/arm/4.8.4/bin/../lib/gcc/arm-none-eabi/4.8.4/armv7-m\libgcc.a
LOAD c:/program files (x86)/cypress/psoc creator/3.2/psoc creator/import/gnu/arm/4.8.4/bin/../lib/gcc/arm-none-eabi/4.8.4/../../../../arm-none-eabi/lib/armv7-m\libc_s.a
END GROUP
LOAD c:/program files (x86)/cypress/psoc creator/3.2/psoc creator/import/gnu/arm/4.8.4/bin/../lib/gcc/arm-none-eabi/4.8.4/armv7-m/crtend.o
LOAD c:/program files (x86)/cypress/psoc creator/3.2/psoc creator/import/gnu/arm/4.8.4/bin/../lib/gcc/arm-none-eabi/4.8.4/armv7-m/crtn.o
START GROUP
LOAD c:/program files (x86)/cypress/psoc creator/3.2/psoc creator/import/gnu/arm/4.8.4/bin/../lib/gcc/arm-none-eabi/4.8.4/armv7-m\libgcc.a
LOAD c:/program files (x86)/cypress/psoc creator/3.2/psoc creator/import/gnu/arm/4.8.4/bin/../lib/gcc/arm-none-eabi/4.8.4/../../../../arm-none-eabi/lib/armv7-m\libc.a
LOAD c:/program files (x86)/cypress/psoc creator/3.2/psoc creator/import/gnu/arm/4.8.4/bin/../lib/gcc/arm-none-eabi/4.8.4/../../../../arm-none-eabi/lib/armv7-m\libnosys.a
END GROUP
                0x00000000                CY_APPL_ORIGIN = 0x0
                0x00000100                CY_FLASH_ROW_SIZE = 0x100
                0x00000020                CY_ECC_ROW_SIZE = 0x20
                0x00000000                CY_EE_IN_BTLDR = 0x0
                0x00000000                CY_APPL_LOADABLE = 0x0
                0x00000800                CY_EE_SIZE = 0x800
                0x00000001                CY_APPL_NUM = 0x1
                0x00000001                CY_APPL_MAX = 0x1
                0x00000040                CY_METADATA_SIZE = 0x40
                0x1fff81d0                PROVIDE (__cy_heap_start, _end)
                0x00000001                PROVIDE (__cy_region_num, ((__cy_regions_end - __cy_regions) / 0x10))
                0x20008000                PROVIDE (__cy_stack, (ORIGIN (ram) + 0x10000))
                0x20007800                PROVIDE (__cy_heap_end, (__cy_stack - 0x800))

.cybootloader   0x00000000        0x0
 *(.cybootloader)
                0x00000000                appl1_start = CY_APPL_ORIGIN?CY_APPL_ORIGIN:ALIGN (CY_FLASH_ROW_SIZE)
                0x0001ff00                appl2_start = (appl1_start + ALIGN ((((0x40000 - appl1_start) - (0x2 * CY_FLASH_ROW_SIZE)) / 0x2), CY_FLASH_ROW_SIZE))
                0x00000000                appl_start = (CY_APPL_NUM == 0x1)?appl1_start:appl2_start
                0x00000000                ecc_offset = ((appl_start / CY_FLASH_ROW_SIZE) * CY_ECC_ROW_SIZE)
                0x00000000                ee_offset = (CY_APPL_LOADABLE && ! (CY_EE_IN_BTLDR))?((CY_EE_SIZE / CY_APPL_MAX) * (CY_APPL_NUM - 0x1)):0x0
                0x00000800                ee_size = (CY_APPL_LOADABLE && ! (CY_EE_IN_BTLDR))?(CY_EE_SIZE / CY_APPL_MAX):CY_EE_SIZE
                0x00000000                PROVIDE (CY_ECC_OFFSET, ecc_offset)

.text           0x00000000     0x100c
 CREATE_OBJECT_SYMBOLS
                0x00000000                PROVIDE (__cy_interrupt_vector, RomVectors)
 *(.romvectors)
 .romvectors    0x00000000       0x10 .\CortexM3\ARM_GCC_484\Release\Cm3Start.o
                0x00000000                RomVectors
                0x00000001                ASSERT ((. != __cy_interrupt_vector), No interrupt vector)
                0x00000001                ASSERT (CY_APPL_ORIGIN?(SIZEOF (.cybootloader) <= CY_APPL_ORIGIN):0x1, Wrong image location)
                0x00000010                PROVIDE (__cy_reset, Reset)
 *(.text.Reset)
 .text.Reset    0x00000010       0x18 .\CortexM3\ARM_GCC_484\Release\Cm3Start.o
                0x00000010                Reset
                0x00000001                ASSERT ((. != __cy_reset), No reset code)
 *(.dma_init)
                0x00000001                ASSERT ((((appl_start + .) <= 0x10000) || 0x1), DMA Init must be within the first 64k of flash)
 *(.text .text.* .gnu.linkonce.t.*)
 .text          0x00000028       0x54 c:/program files (x86)/cypress/psoc creator/3.2/psoc creator/import/gnu/arm/4.8.4/bin/../lib/gcc/arm-none-eabi/4.8.4/armv7-m/crtbegin.o
 .text.startup.main
                0x0000007c       0x5a .\CortexM3\ARM_GCC_484\Release\main.o
                0x0000007c                main
 .text.IntDefaultHandler
                0x000000d6        0x2 .\CortexM3\ARM_GCC_484\Release\Cm3Start.o
                0x000000d6                IntDefaultHandler
 .text.Start_c  0x000000d8       0x54 .\CortexM3\ARM_GCC_484\Release\Cm3Start.o
                0x000000d8                Start_c
 .text.startup.initialize_psoc
                0x0000012c       0x6c .\CortexM3\ARM_GCC_484\Release\Cm3Start.o
                0x0000012c                initialize_psoc
 .text.CapSense_AMuxCH0_Set
                0x00000198       0x1c .\CortexM3\ARM_GCC_484\Release\CapSense_5LP_test.a(cyfitter_cfg.o)
                0x00000198                CapSense_AMuxCH0_Set
 .text.CapSense_AMuxCH0_Unset
                0x000001b4       0x1c .\CortexM3\ARM_GCC_484\Release\CapSense_5LP_test.a(cyfitter_cfg.o)
                0x000001b4                CapSense_AMuxCH0_Unset
 .text.cyfitter_cfg
                0x000001d0      0x1f4 .\CortexM3\ARM_GCC_484\Release\CapSense_5LP_test.a(cyfitter_cfg.o)
                0x000001d0                cyfitter_cfg
 .text.CapSense_Enable
                0x000003c4       0x6c .\CortexM3\ARM_GCC_484\Release\CapSense_5LP_test.a(CapSense.o)
                0x000003c4                CapSense_Enable
 .text.CapSense_FindNextSensor
                0x00000430       0x20 .\CortexM3\ARM_GCC_484\Release\CapSense_5LP_test.a(CapSense.o)
                0x00000430                CapSense_FindNextSensor
 .text.CapSense_IsBusy
                0x00000450       0x10 .\CortexM3\ARM_GCC_484\Release\CapSense_5LP_test.a(CapSense.o)
                0x00000450                CapSense_IsBusy
 .text.CapSense_EnableSensor
                0x00000460       0x34 .\CortexM3\ARM_GCC_484\Release\CapSense_5LP_test.a(CapSense.o)
                0x00000460                CapSense_EnableSensor
 .text.CapSense_DisableSensor
                0x00000494       0x34 .\CortexM3\ARM_GCC_484\Release\CapSense_5LP_test.a(CapSense.o)
                0x00000494                CapSense_DisableSensor
 .text.CapSense_ClearSensors
                0x000004c8       0x18 .\CortexM3\ARM_GCC_484\Release\CapSense_5LP_test.a(CapSense.o)
                0x000004c8                CapSense_ClearSensors
 .text.CapSense_PostScan
                0x000004e0       0x4c .\CortexM3\ARM_GCC_484\Release\CapSense_5LP_test.a(CapSense.o)
                0x000004e0                CapSense_PostScan
 .text.CapSense_SetPrescaler
                0x0000052c       0x10 .\CortexM3\ARM_GCC_484\Release\CapSense_5LP_test.a(CapSense.o)
                0x0000052c                CapSense_SetPrescaler
 .text.CapSense_SetScanSlotSettings
                0x0000053c       0x3c .\CortexM3\ARM_GCC_484\Release\CapSense_5LP_test.a(CapSense.o)
                0x0000053c                CapSense_SetScanSlotSettings
 .text.CapSense_PreScan
                0x00000578       0x34 .\CortexM3\ARM_GCC_484\Release\CapSense_5LP_test.a(CapSense.o)
                0x00000578                CapSense_PreScan
 .text.CapSense_ScanSensor
                0x000005ac       0x1c .\CortexM3\ARM_GCC_484\Release\CapSense_5LP_test.a(CapSense.o)
                0x000005ac                CapSense_ScanSensor
 .text.CapSense_ScanEnabledWidgets
                0x000005c8       0x38 .\CortexM3\ARM_GCC_484\Release\CapSense_5LP_test.a(CapSense.o)
                0x000005c8                CapSense_ScanEnabledWidgets
 .text.CapSense_SetAnalogSwitchesSource
                0x00000600       0x18 .\CortexM3\ARM_GCC_484\Release\CapSense_5LP_test.a(CapSense.o)
                0x00000600                CapSense_SetAnalogSwitchesSource
 .text.CapSense_Init
                0x00000618       0xdc .\CortexM3\ARM_GCC_484\Release\CapSense_5LP_test.a(CapSense.o)
                0x00000618                CapSense_Init
 .text.CapSense_Start
                0x000006f4       0x28 .\CortexM3\ARM_GCC_484\Release\CapSense_5LP_test.a(CapSense.o)
                0x000006f4                CapSense_Start
 .text.CapSense_BaseInit
                0x0000071c       0x4c .\CortexM3\ARM_GCC_484\Release\CapSense_5LP_test.a(CapSense_CSHL.o)
                0x0000071c                CapSense_BaseInit
 .text.CapSense_InitializeSensorBaseline
                0x00000768       0x1a .\CortexM3\ARM_GCC_484\Release\CapSense_5LP_test.a(CapSense_CSHL.o)
                0x00000768                CapSense_InitializeSensorBaseline
 .text.CapSense_InitializeAllBaselines
                0x00000782       0x18 .\CortexM3\ARM_GCC_484\Release\CapSense_5LP_test.a(CapSense_CSHL.o)
                0x00000782                CapSense_InitializeAllBaselines
 *fill*         0x0000079a        0x2 
 .text.CapSense_UpdateSensorBaseline
                0x0000079c       0xd0 .\CortexM3\ARM_GCC_484\Release\CapSense_5LP_test.a(CapSense_CSHL.o)
                0x0000079c                CapSense_UpdateSensorBaseline
 .text.CapSense_UpdateEnabledBaselines
                0x0000086c       0x24 .\CortexM3\ARM_GCC_484\Release\CapSense_5LP_test.a(CapSense_CSHL.o)
                0x0000086c                CapSense_UpdateEnabledBaselines
 .text.CapSense_CheckIsSensorActive
                0x00000890       0x7c .\CortexM3\ARM_GCC_484\Release\CapSense_5LP_test.a(CapSense_CSHL.o)
                0x00000890                CapSense_CheckIsSensorActive
 .text.CapSense_CheckIsWidgetActive
                0x0000090c       0x2c .\CortexM3\ARM_GCC_484\Release\CapSense_5LP_test.a(CapSense_CSHL.o)
                0x0000090c                CapSense_CheckIsWidgetActive
 .text.CapSense_IsrCH0_ISR
                0x00000938       0x3c .\CortexM3\ARM_GCC_484\Release\CapSense_5LP_test.a(CapSense_INT.o)
                0x00000938                CapSense_IsrCH0_ISR
 .text.SMS_LIB_ScanSensor
                0x00000974        0x4 .\CortexM3\ARM_GCC_484\Release\CapSense_5LP_test.a(CapSense_SMS_Wrapper.o)
                0x00000974                SMS_LIB_ScanSensor
 .text.SMS_LIB_IsBusy
                0x00000978        0x4 .\CortexM3\ARM_GCC_484\Release\CapSense_5LP_test.a(CapSense_SMS_Wrapper.o)
                0x00000978                SMS_LIB_IsBusy
 .text.CapSense_CalculateThresholds
                0x0000097c        0x4 .\CortexM3\ARM_GCC_484\Release\CapSense_5LP_test.a(CapSense_SMS_Wrapper.o)
                0x0000097c                CapSense_CalculateThresholds
 .text.CapSense_AutoTune
                0x00000980        0x4 .\CortexM3\ARM_GCC_484\Release\CapSense_5LP_test.a(CapSense_SMS_Wrapper.o)
                0x00000980                CapSense_AutoTune
 .text.SMS_LIB_V3_50_SetAnalogSwitchesSrc_PRS
                0x00000984        0x6 .\CortexM3\ARM_GCC_484\Release\CapSense_5LP_test.a(CapSense_SMS_Wrapper.o)
                0x00000984                SMS_LIB_V3_50_SetAnalogSwitchesSrc_PRS
 .text.SMS_LIB_V3_50_SetAnalogSwitchesSrc_Prescaler
                0x0000098a        0x6 .\CortexM3\ARM_GCC_484\Release\CapSense_5LP_test.a(CapSense_SMS_Wrapper.o)
                0x0000098a                SMS_LIB_V3_50_SetAnalogSwitchesSrc_Prescaler
 .text.LED_Write
                0x00000990       0x18 .\CortexM3\ARM_GCC_484\Release\CapSense_5LP_test.a(LED.o)
                0x00000990                LED_Write
 .text.CapSense_CompCH0_Enable
                0x000009a8       0x18 .\CortexM3\ARM_GCC_484\Release\CapSense_5LP_test.a(CapSense_CompCH0.o)
                0x000009a8                CapSense_CompCH0_Enable
 .text.CapSense_CompCH0_SetSpeed
                0x000009c0       0x58 .\CortexM3\ARM_GCC_484\Release\CapSense_5LP_test.a(CapSense_CompCH0.o)
                0x000009c0                CapSense_CompCH0_SetSpeed
 .text.CapSense_CompCH0_Init
                0x00000a18       0x40 .\CortexM3\ARM_GCC_484\Release\CapSense_5LP_test.a(CapSense_CompCH0.o)
                0x00000a18                CapSense_CompCH0_Init
 .text.CapSense_IdacCH0_Enable
                0x00000a58       0x18 .\CortexM3\ARM_GCC_484\Release\CapSense_5LP_test.a(CapSense_IdacCH0.o)
                0x00000a58                CapSense_IdacCH0_Enable
 .text.CapSense_IdacCH0_SetSpeed
                0x00000a70       0x1c .\CortexM3\ARM_GCC_484\Release\CapSense_5LP_test.a(CapSense_IdacCH0.o)
                0x00000a70                CapSense_IdacCH0_SetSpeed
 .text.CapSense_IdacCH0_SetValue
                0x00000a8c        0xc .\CortexM3\ARM_GCC_484\Release\CapSense_5LP_test.a(CapSense_IdacCH0.o)
                0x00000a8c                CapSense_IdacCH0_SetValue
 .text.CapSense_IdacCH0_DacTrim
                0x00000a98       0x30 .\CortexM3\ARM_GCC_484\Release\CapSense_5LP_test.a(CapSense_IdacCH0.o)
                0x00000a98                CapSense_IdacCH0_DacTrim
 .text.CapSense_IdacCH0_Init
                0x00000ac8       0x2c .\CortexM3\ARM_GCC_484\Release\CapSense_5LP_test.a(CapSense_IdacCH0.o)
                0x00000ac8                CapSense_IdacCH0_Init
 .text.CapSense_IdacCH0_SetPolarity
                0x00000af4       0x1c .\CortexM3\ARM_GCC_484\Release\CapSense_5LP_test.a(CapSense_IdacCH0.o)
                0x00000af4                CapSense_IdacCH0_SetPolarity
 .text.CapSense_IdacCH0_SetRange
                0x00000b10       0x1c .\CortexM3\ARM_GCC_484\Release\CapSense_5LP_test.a(CapSense_IdacCH0.o)
                0x00000b10                CapSense_IdacCH0_SetRange
 .text.CapSense_AMuxCH0_DisconnectAll
                0x00000b2c       0x12 .\CortexM3\ARM_GCC_484\Release\CapSense_5LP_test.a(CapSense_AMuxCH0.o)
                0x00000b2c                CapSense_AMuxCH0_DisconnectAll
 .text.CapSense_AMuxCH0_Init
                0x00000b3e        0x4 .\CortexM3\ARM_GCC_484\Release\CapSense_5LP_test.a(CapSense_AMuxCH0.o)
                0x00000b3e                CapSense_AMuxCH0_Init
 *fill*         0x00000b42        0x2 
 .text.CapSense_IntClock_Start
                0x00000b44       0x18 .\CortexM3\ARM_GCC_484\Release\CapSense_5LP_test.a(CapSense_IntClock.o)
                0x00000b44                CapSense_IntClock_Start
 *fill*         0x00000b5c        0x4 
 .text          0x00000b60       0x28 .\CortexM3\ARM_GCC_484\Release\CapSense_5LP_test.a(CyBootAsmGnu.o)
                0x00000b60                CyDelayCycles
                0x00000b74                CyEnterCriticalSection
                0x00000b7c                CyExitCriticalSection
 .text.CyDelay  0x00000b88       0x28 .\CortexM3\ARM_GCC_484\Release\CapSense_5LP_test.a(CyLib.o)
                0x00000b88                CyDelay
 .text.CyIntSetVector
                0x00000bb0       0x1c .\CortexM3\ARM_GCC_484\Release\CapSense_5LP_test.a(CyLib.o)
                0x00000bb0                CyIntSetVector
 .text.CyIntSetPriority
                0x00000bcc       0x14 .\CortexM3\ARM_GCC_484\Release\CapSense_5LP_test.a(CyLib.o)
                0x00000bcc                CyIntSetPriority
 .text.SMS_LIB_V3_50_CallibrateSensor1Ch
                0x00000be0       0x84 C:\Program Files (x86)\Cypress\PSoC Creator\3.2\PSoC Creator\psoc\content\cycomponentlibrary\CyComponentLibrary.cylib\CapSense_CSD_v3_50\Library\CapSenseLibrary_GCC.a(CapSense_CSD_SmartSense_v3_50.o)
                0x00000be0                SMS_LIB_V3_50_CallibrateSensor1Ch
 .text.SMS_LIB_V3_50_AutoTuneSensor1Ch
                0x00000c64       0x9c C:\Program Files (x86)\Cypress\PSoC Creator\3.2\PSoC Creator\psoc\content\cycomponentlibrary\CyComponentLibrary.cylib\CapSense_CSD_v3_50\Library\CapSenseLibrary_GCC.a(CapSense_CSD_SmartSense_v3_50.o)
                0x00000c64                SMS_LIB_V3_50_AutoTuneSensor1Ch
 .text.SMS_LIB_V3_50_MeasureNoiseEnvelope
                0x00000d00       0x94 C:\Program Files (x86)\Cypress\PSoC Creator\3.2\PSoC Creator\psoc\content\cycomponentlibrary\CyComponentLibrary.cylib\CapSense_CSD_v3_50\Library\CapSenseLibrary_GCC.a(CapSense_CSD_SmartSense_v3_50.o)
                0x00000d00                SMS_LIB_V3_50_MeasureNoiseEnvelope
 .text.SMS_LIB_V3_50_CalculateThresholds
                0x00000d94       0xc4 C:\Program Files (x86)\Cypress\PSoC Creator\3.2\PSoC Creator\psoc\content\cycomponentlibrary\CyComponentLibrary.cylib\CapSense_CSD_v3_50\Library\CapSenseLibrary_GCC.a(CapSense_CSD_SmartSense_v3_50.o)
                0x00000d94                SMS_LIB_V3_50_CalculateThresholds
 .text.SMS_LIB_V3_50_Sensors2WidgetResolutionTransform
                0x00000e58       0xa8 C:\Program Files (x86)\Cypress\PSoC Creator\3.2\PSoC Creator\psoc\content\cycomponentlibrary\CyComponentLibrary.cylib\CapSense_CSD_v3_50\Library\CapSenseLibrary_GCC.a(CapSense_CSD_SmartSense_v3_50.o)
                0x00000e58                SMS_LIB_V3_50_Sensors2WidgetResolutionTransform
 .text.SMS_LIB_V3_50_AutoTune1Ch
                0x00000f00       0x88 C:\Program Files (x86)\Cypress\PSoC Creator\3.2\PSoC Creator\psoc\content\cycomponentlibrary\CyComponentLibrary.cylib\CapSense_CSD_v3_50\Library\CapSenseLibrary_GCC.a(CapSense_CSD_SmartSense_v3_50.o)
                0x00000f00                SMS_LIB_V3_50_AutoTune1Ch
 .text          0x00000f88       0x24 c:/program files (x86)/cypress/psoc creator/3.2/psoc creator/import/gnu/arm/4.8.4/bin/../lib/gcc/arm-none-eabi/4.8.4/armv7-m\libgcc.a(_udivsi3.o)
                0x00000f88                __aeabi_uidiv
                0x00000f88                __udivsi3
                0x00000f9c                __aeabi_uidivmod
 .text          0x00000fac        0x4 c:/program files (x86)/cypress/psoc creator/3.2/psoc creator/import/gnu/arm/4.8.4/bin/../lib/gcc/arm-none-eabi/4.8.4/armv7-m\libgcc.a(_dvmd_tls.o)
                0x00000fac                __aeabi_idiv0
                0x00000fac                __aeabi_ldiv0
 .text.__libc_init_array
                0x00000fb0       0x4c c:/program files (x86)/cypress/psoc creator/3.2/psoc creator/import/gnu/arm/4.8.4/bin/../lib/gcc/arm-none-eabi/4.8.4/../../../../arm-none-eabi/lib/armv7-m\libg_s.a(lib_a-init.o)
                0x00000fb0                __libc_init_array
 .text.memset   0x00000ffc       0x10 c:/program files (x86)/cypress/psoc creator/3.2/psoc creator/import/gnu/arm/4.8.4/bin/../lib/gcc/arm-none-eabi/4.8.4/../../../../arm-none-eabi/lib/armv7-m\libg_s.a(lib_a-memset.o)
                0x00000ffc                memset
 *(.plt)
 *(.gnu.warning)
 *(.glue_7t)
 .glue_7t       0x00000000        0x0 linker stubs
 *(.glue_7)
 .glue_7        0x00000000        0x0 linker stubs
 *(.vfp11_veneer)
 .vfp11_veneer  0x00000000        0x0 linker stubs
 *(.bootloader)
 *(.ARM.extab* .gnu.linkonce.armextab.*)
 *(.gcc_except_table)

.v4_bx          0x0000100c        0x0
 .v4_bx         0x00000000        0x0 linker stubs

.iplt           0x0000100c        0x0
 .iplt          0x00000000        0x0 c:/program files (x86)/cypress/psoc creator/3.2/psoc creator/import/gnu/arm/4.8.4/bin/../lib/gcc/arm-none-eabi/4.8.4/armv7-m/crtbegin.o

.eh_frame_hdr
 *(.eh_frame_hdr)

.eh_frame       0x0000100c        0x4
 *(.eh_frame)
 .eh_frame      0x0000100c        0x0 c:/program files (x86)/cypress/psoc creator/3.2/psoc creator/import/gnu/arm/4.8.4/bin/../lib/gcc/arm-none-eabi/4.8.4/armv7-m/crtbegin.o
 .eh_frame      0x0000100c        0x4 c:/program files (x86)/cypress/psoc creator/3.2/psoc creator/import/gnu/arm/4.8.4/bin/../lib/gcc/arm-none-eabi/4.8.4/armv7-m/crtend.o
                0x00001010                PROVIDE (__exidx_start, .)

.ARM.exidx
 *(.ARM.exidx* .gnu.linkonce.armexidx.*)
                0x00001010                __exidx_end = .

.rodata         0x00001010       0xe8
 *(.rodata .rodata.* .gnu.linkonce.r.*)
 .rodata        0x00001010       0x50 .\CortexM3\ARM_GCC_484\Release\CapSense_5LP_test.a(cyfitter_cfg.o)
                0x00001010                CapSense_AMuxCH0__addrTable
                0x00001028                CapSense_AMuxCH0__maskTable
 .rodata        0x00001060       0x38 .\CortexM3\ARM_GCC_484\Release\CapSense_5LP_test.a(CapSense.o)
                0x00001060                CapSense_portTable
                0x00001063                CapSense_maskTable
                0x00001068                CapSense_pcTable
                0x00001074                CapSense_csTable
                0x00001094                CapSense_widgetNumber
 .rodata        0x00001098        0x6 .\CortexM3\ARM_GCC_484\Release\CapSense_5LP_test.a(CapSense_CSHL.o)
                0x00001098                CapSense_rawDataIndex
                0x0000109b                CapSense_numberOfSensors
 .rodata        0x0000109e       0x23 .\CortexM3\ARM_GCC_484\Release\CapSense_5LP_test.a(CapSense_SMS_Wrapper.o)
                0x0000109e                SMS_LIB_PrescalerTbl
                0x000010be                SMS_LIB_SensorSensitivity
                0x000010c4                . = ALIGN (0x4)
 *fill*         0x000010c1        0x3 
 *(.init)
 .init          0x000010c4        0x4 c:/program files (x86)/cypress/psoc creator/3.2/psoc creator/import/gnu/arm/4.8.4/bin/../lib/gcc/arm-none-eabi/4.8.4/armv7-m/crti.o
                0x000010c4                _init
 .init          0x000010c8        0x8 c:/program files (x86)/cypress/psoc creator/3.2/psoc creator/import/gnu/arm/4.8.4/bin/../lib/gcc/arm-none-eabi/4.8.4/armv7-m/crtn.o
                0x000010d0                . = ALIGN (0x4)
                0x000010d0                __preinit_array_start = .
 *(.preinit_array)
                0x000010d0                __preinit_array_end = .
                0x000010d0                . = ALIGN (0x4)
                0x000010d0                __init_array_start = .
 *(SORT(.init_array.*))
 *(.init_array)
 .init_array    0x000010d0        0x4 c:/program files (x86)/cypress/psoc creator/3.2/psoc creator/import/gnu/arm/4.8.4/bin/../lib/gcc/arm-none-eabi/4.8.4/armv7-m/crtbegin.o
 .init_array    0x000010d4        0x4 .\CortexM3\ARM_GCC_484\Release\Cm3Start.o
                0x000010d8                __init_array_end = .
                0x000010d8                . = ALIGN (0x4)
 *(.fini)
 .fini          0x000010d8        0x4 c:/program files (x86)/cypress/psoc creator/3.2/psoc creator/import/gnu/arm/4.8.4/bin/../lib/gcc/arm-none-eabi/4.8.4/armv7-m/crti.o
                0x000010d8                _fini
 .fini          0x000010dc        0x8 c:/program files (x86)/cypress/psoc creator/3.2/psoc creator/import/gnu/arm/4.8.4/bin/../lib/gcc/arm-none-eabi/4.8.4/armv7-m/crtn.o
                0x000010e4                . = ALIGN (0x4)
                0x000010e4                __fini_array_start = .
 *(.fini_array)
 .fini_array    0x000010e4        0x4 c:/program files (x86)/cypress/psoc creator/3.2/psoc creator/import/gnu/arm/4.8.4/bin/../lib/gcc/arm-none-eabi/4.8.4/armv7-m/crtbegin.o
 *(SORT(.fini_array.*))
                0x000010e8                __fini_array_end = .
                0x000010e8                . = ALIGN (0x4)
 *crtbegin.o(.ctors)
 *(EXCLUDE_FILE(*crtend.o) .ctors)
 *(SORT(.ctors.*))
 *crtend.o(.ctors)
                0x000010e8                . = ALIGN (0x4)
 *crtbegin.o(.dtors)
 *(EXCLUDE_FILE(*crtend.o) .dtors)
 *(SORT(.dtors.*))
 *crtend.o(.dtors)
                0x000010e8                . = ALIGN (0x4)
                0x000010e8                __cy_regions = .
                0x000010e8        0x4 LONG 0x10f8 __cy_region_init_ram
                0x000010ec        0x4 LONG 0x1fff8108 __cy_region_start_data
                0x000010f0        0x4 LONG 0x60 __cy_region_init_size_ram
                0x000010f4        0x4 LONG 0x68 __cy_region_zero_size_ram
                0x000010f8                __cy_regions_end = .
                0x000010f8                . = ALIGN (0x8)
                0x000010f8                _etext = .

.ramvectors     0x1fff8000      0x100
                0x1fff8000                __cy_region_start_ram = .
 *(.ramvectors)
 .ramvectors    0x1fff8000      0x100 .\CortexM3\ARM_GCC_484\Release\Cm3Start.o
                0x1fff8000                CyRamVectors

.noinit         0x1fff8100        0x5
 *(.noinit)
 .noinit        0x1fff8100        0x4 .\CortexM3\ARM_GCC_484\Release\Cm3Start.o
 .noinit        0x1fff8104        0x1 .\CortexM3\ARM_GCC_484\Release\CapSense_5LP_test.a(CyLib.o)
                0x1fff8104                CyResetStatus

.data           0x1fff8108       0x60 load address 0x000010f8
                0x1fff8108                __cy_region_start_data = .
 *(.jcr)
 .jcr           0x1fff8108        0x0 c:/program files (x86)/cypress/psoc creator/3.2/psoc creator/import/gnu/arm/4.8.4/bin/../lib/gcc/arm-none-eabi/4.8.4/armv7-m/crtbegin.o
 .jcr           0x1fff8108        0x4 c:/program files (x86)/cypress/psoc creator/3.2/psoc creator/import/gnu/arm/4.8.4/bin/../lib/gcc/arm-none-eabi/4.8.4/armv7-m/crtend.o
 *(.got.plt)
 *(.got)
 *(.shdata)
 *(.data .data.* .gnu.linkonce.d.*)
 .data          0x1fff810c        0x8 .\CortexM3\ARM_GCC_484\Release\CapSense_5LP_test.a(CapSense.o)
                0x1fff810c                CapSense_sensorEnableMask
                0x1fff810d                CapSense_idacSettings
                0x1fff8110                CapSense_widgetResolution
                0x1fff8113                CapSense_lowLevelTuningDone
 .data          0x1fff8114        0xc .\CortexM3\ARM_GCC_484\Release\CapSense_5LP_test.a(CapSense_CSHL.o)
                0x1fff8114                CapSense_debounce
                0x1fff8117                CapSense_noiseThreshold
                0x1fff811a                CapSense_fingerThreshold
                0x1fff811d                CapSense_hysteresis
 .data          0x1fff8120       0x34 .\CortexM3\ARM_GCC_484\Release\CapSense_5LP_test.a(CapSense_SMS_Wrapper.o)
                0x1fff8120                SMS_LIB_EndOfWidgInd
                0x1fff8121                SMS_LIB_TotalScanSlCnt
                0x1fff8122                SMS_LIB_TotalSnsCnt
                0x1fff8124                SMS_LIB_Var2
                0x1fff8126                SMS_LIB_Var1
                0x1fff8128                SMS_LIB_SensorBaseline
                0x1fff812c                SMS_LIB_SensorRaw
                0x1fff8130                SMS_LIB_prescaler
                0x1fff8134                SMS_LIB_idacSettings
                0x1fff8138                SMS_LIB_fingerThreshold
                0x1fff813c                SMS_LIB_rawDataIndex
                0x1fff8140                SMS_LIB_numberOfSensors
                0x1fff8144                SMS_LIB_widgetNumber
                0x1fff8148                SMS_LIB_widgetResolution
                0x1fff814c                SMS_LIB_hysteresis
                0x1fff8150                SMS_LIB_noiseThreshold
 .data          0x1fff8154       0x10 .\CortexM3\ARM_GCC_484\Release\CapSense_5LP_test.a(CyLib.o)
                0x1fff8154                cydelay_32k_ms
                0x1fff8158                cydelay_freq_khz
                0x1fff815c                cydelay_freq_mhz
                0x1fff8160                cydelay_freq_hz
                0x1fff8168                . = ALIGN (0x8)
 *fill*         0x1fff8164        0x4 
 *(.ram)
                0x1fff8168                _edata = .

.igot.plt       0x1fff8168        0x0 load address 0x00001158
 .igot.plt      0x00000000        0x0 c:/program files (x86)/cypress/psoc creator/3.2/psoc creator/import/gnu/arm/4.8.4/bin/../lib/gcc/arm-none-eabi/4.8.4/armv7-m/crtbegin.o

.bss            0x1fff8168       0x68 load address 0x00001158
                0x1fff8168                PROVIDE (__bss_start__, .)
 *(.shbss)
 *(.bss .bss.* .gnu.linkonce.b.*)
 .bss           0x1fff8168       0x1c c:/program files (x86)/cypress/psoc creator/3.2/psoc creator/import/gnu/arm/4.8.4/bin/../lib/gcc/arm-none-eabi/4.8.4/armv7-m/crtbegin.o
 .bss           0x1fff8184        0x1 .\CortexM3\ARM_GCC_484\Release\CapSense_5LP_test.a(CapSense.o)
 .bss           0x1fff8185        0x4 .\CortexM3\ARM_GCC_484\Release\CapSense_5LP_test.a(CapSense_CSHL.o)
                0x1fff8185                CapSense_debounceCounter
 *(COMMON)
 *fill*         0x1fff8189        0x1 
 COMMON         0x1fff818a        0xb .\CortexM3\ARM_GCC_484\Release\CapSense_5LP_test.a(CapSense.o)
                0x1fff818a                CapSense_sensorRaw
                0x1fff8190                CapSense_analogSwitchDivider
                0x1fff8193                CapSense_sensorIndex
                0x1fff8194                CapSense_csv
 *fill*         0x1fff8195        0x1 
 COMMON         0x1fff8196       0x17 .\CortexM3\ARM_GCC_484\Release\CapSense_5LP_test.a(CapSense_CSHL.o)
                0x1fff8196                CapSense_lowBaselineResetCnt
                0x1fff8199                CapSense_sensorBaselineLow
                0x1fff819c                CapSense_sensorSignal
                0x1fff81a0                CapSense_sensorBaseline
                0x1fff81a6                CapSense_rawFilterData1
                0x1fff81ac                CapSense_sensorOnMask
 *fill*         0x1fff81ad        0x1 
 COMMON         0x1fff81ae       0x1f .\CortexM3\ARM_GCC_484\Release\CapSense_5LP_test.a(CapSense_SMS_Wrapper.o)
                0x1fff81ae                SMS_LIB_Table4
                0x1fff81b4                SMS_LIB_Table7
                0x1fff81b7                SMS_LIB_Table8
                0x1fff81ba                SMS_LIB_Table2
                0x1fff81be                SMS_LIB_Table5
                0x1fff81c4                SMS_LIB_Table9
                0x1fff81c7                SMS_LIB_Table6
                0x1fff81ca                SMS_LIB_Table3
                0x1fff81d0                . = ALIGN (0x8)
 *fill*         0x1fff81cd        0x3 
 *(.ram.b)
                0x1fff81d0                _end = .
                0x1fff81d0                __end = .
                0x1fff81d0                PROVIDE (end, .)
                0x1fff81d0                PROVIDE (__bss_end__, .)
                0x000010f8                __cy_region_init_ram = LOADADDR (.data)
                0x00000060                __cy_region_init_size_ram = (_edata - ADDR (.data))
                0x00000068                __cy_region_zero_size_ram = (_end - _edata)

.heap           0x1fff81d0       0x80 load address 0x00001158
                0x1fff81d0                . = _end
                0x1fff8250                . = (. + 0x80)
 *fill*         0x1fff81d0       0x80 
                0x1fff8250                __cy_heap_limit = .

.stack          0x20007800      0x800
                0x20007800                __cy_stack_limit = .
                0x20008000                . = (. + 0x800)
 *fill*         0x20007800      0x800 
                0x00000001                ASSERT ((__cy_stack_limit >= __cy_heap_limit), region RAM overflowed with stack)

.cyloadermeta
 *(.cyloadermeta)

.cyloadablemeta
 *(.cyloadablemeta)

.cyconfigecc    0x80000000      0x310
 *(.cyconfigecc)
 .cyconfigecc   0x80000000      0x310 .\CortexM3\ARM_GCC_484\Release\cymetadata.o
                0x80000000                cy_meta_configecc

.cycustnvl      0x90000000        0x4
 *(.cycustnvl)
 .cycustnvl     0x90000000        0x4 .\CortexM3\ARM_GCC_484\Release\cymetadata.o
                0x90000000                cy_meta_custnvl

.cywolatch      0x90100000        0x4
 *(.cywolatch)
 .cywolatch     0x90100000        0x4 .\CortexM3\ARM_GCC_484\Release\cymetadata.o
                0x90100000                cy_meta_wonvl

.cyeeprom       0x90200000        0x0
 *(.cyeeprom)
                0x00000001                ASSERT ((. <= ((0x90200000 + ee_offset) + ee_size)), .cyeeprom data will not fit in EEPROM)

.cyflashprotect
                0x90400000      0x100
 *(.cyflashprotect)
 .cyflashprotect
                0x90400000      0x100 .\CortexM3\ARM_GCC_484\Release\cymetadata.o
                0x90400000                cy_meta_flashprotect

.cymeta         0x90500000        0xc
 *(.cymeta)
 .cymeta        0x90500000        0xc .\CortexM3\ARM_GCC_484\Release\cymetadata.o
                0x90500000                cy_metadata

.rel.dyn        0x00001158        0x0 load address 0x9050000c
 .rel.iplt      0x00000000        0x0 c:/program files (x86)/cypress/psoc creator/3.2/psoc creator/import/gnu/arm/4.8.4/bin/../lib/gcc/arm-none-eabi/4.8.4/armv7-m/crtbegin.o

.stab
 *(.stab)

.stabstr
 *(.stabstr)

.debug
 *(.debug)

.line
 *(.line)

.debug_srcinfo
 *(.debug_srcinfo)

.debug_sfnames
 *(.debug_sfnames)

.debug_aranges  0x00000000      0x880
 *(.debug_aranges)
 .debug_aranges
                0x00000000       0x20 .\CortexM3\ARM_GCC_484\Release\main.o
 .debug_aranges
                0x00000020       0x18 .\CortexM3\ARM_GCC_484\Release\cymetadata.o
 .debug_aranges
                0x00000038       0x48 .\CortexM3\ARM_GCC_484\Release\Cm3Start.o
 .debug_aranges
                0x00000080       0x38 .\CortexM3\ARM_GCC_484\Release\CapSense_5LP_test.a(cyfitter_cfg.o)
 .debug_aranges
                0x000000b8       0xb0 .\CortexM3\ARM_GCC_484\Release\CapSense_5LP_test.a(CapSense.o)
 .debug_aranges
                0x00000168       0x78 .\CortexM3\ARM_GCC_484\Release\CapSense_5LP_test.a(CapSense_CSHL.o)
 .debug_aranges
                0x000001e0       0x20 .\CortexM3\ARM_GCC_484\Release\CapSense_5LP_test.a(CapSense_INT.o)
 .debug_aranges
                0x00000200       0x50 .\CortexM3\ARM_GCC_484\Release\CapSense_5LP_test.a(CapSense_SMS_Wrapper.o)
 .debug_aranges
                0x00000250       0x38 .\CortexM3\ARM_GCC_484\Release\CapSense_5LP_test.a(LED.o)
 .debug_aranges
                0x00000288       0x70 .\CortexM3\ARM_GCC_484\Release\CapSense_5LP_test.a(CapSense_CompCH0.o)
 .debug_aranges
                0x000002f8       0x60 .\CortexM3\ARM_GCC_484\Release\CapSense_5LP_test.a(CapSense_IdacCH0.o)
 .debug_aranges
                0x00000358       0x48 .\CortexM3\ARM_GCC_484\Release\CapSense_5LP_test.a(CapSense_AMuxCH0.o)
 .debug_aranges
                0x000003a0       0x70 .\CortexM3\ARM_GCC_484\Release\CapSense_5LP_test.a(CapSense_IntClock.o)
 .debug_aranges
                0x00000410       0x20 .\CortexM3\ARM_GCC_484\Release\CapSense_5LP_test.a(CyBootAsmGnu.o)
 .debug_aranges
                0x00000430      0x290 .\CortexM3\ARM_GCC_484\Release\CapSense_5LP_test.a(CyLib.o)
 .debug_aranges
                0x000006c0       0x78 .\CortexM3\ARM_GCC_484\Release\CapSense_5LP_test.a(cyPm.o)
 .debug_aranges
                0x00000738       0x70 .\CortexM3\ARM_GCC_484\Release\CapSense_5LP_test.a(CyFlash.o)
 .debug_aranges
                0x000007a8       0x78 .\CortexM3\ARM_GCC_484\Release\CapSense_5LP_test.a(CySpc.o)
 .debug_aranges
                0x00000820       0x60 C:\Program Files (x86)\Cypress\PSoC Creator\3.2\PSoC Creator\psoc\content\cycomponentlibrary\CyComponentLibrary.cylib\CapSense_CSD_v3_50\Library\CapSenseLibrary_GCC.a(CapSense_CSD_SmartSense_v3_50.o)

.debug_pubnames
 *(.debug_pubnames)

.debug_info     0x00000000     0x5ac7
 *(.debug_info .gnu.linkonce.wi.*)
 .debug_info    0x00000000      0x1e9 .\CortexM3\ARM_GCC_484\Release\main.o
 .debug_info    0x000001e9      0x13a .\CortexM3\ARM_GCC_484\Release\cymetadata.o
 .debug_info    0x00000323      0x3a3 .\CortexM3\ARM_GCC_484\Release\Cm3Start.o
 .debug_info    0x000006c6      0x545 .\CortexM3\ARM_GCC_484\Release\CapSense_5LP_test.a(cyfitter_cfg.o)
 .debug_info    0x00000c0b      0x867 .\CortexM3\ARM_GCC_484\Release\CapSense_5LP_test.a(CapSense.o)
 .debug_info    0x00001472      0x6e6 .\CortexM3\ARM_GCC_484\Release\CapSense_5LP_test.a(CapSense_CSHL.o)
 .debug_info    0x00001b58      0x117 .\CortexM3\ARM_GCC_484\Release\CapSense_5LP_test.a(CapSense_INT.o)
 .debug_info    0x00001c6f      0x4a4 .\CortexM3\ARM_GCC_484\Release\CapSense_5LP_test.a(CapSense_SMS_Wrapper.o)
 .debug_info    0x00002113      0x120 .\CortexM3\ARM_GCC_484\Release\CapSense_5LP_test.a(LED.o)
 .debug_info    0x00002233      0x2ae .\CortexM3\ARM_GCC_484\Release\CapSense_5LP_test.a(CapSense_CompCH0.o)
 .debug_info    0x000024e1      0x223 .\CortexM3\ARM_GCC_484\Release\CapSense_5LP_test.a(CapSense_IdacCH0.o)
 .debug_info    0x00002704      0x1d3 .\CortexM3\ARM_GCC_484\Release\CapSense_5LP_test.a(CapSense_AMuxCH0.o)
 .debug_info    0x000028d7      0x29b .\CortexM3\ARM_GCC_484\Release\CapSense_5LP_test.a(CapSense_IntClock.o)
 .debug_info    0x00002b72       0xa0 .\CortexM3\ARM_GCC_484\Release\CapSense_5LP_test.a(CyBootAsmGnu.o)
 .debug_info    0x00002c12     0x12c6 .\CortexM3\ARM_GCC_484\Release\CapSense_5LP_test.a(CyLib.o)
 .debug_info    0x00003ed8      0x9a3 .\CortexM3\ARM_GCC_484\Release\CapSense_5LP_test.a(cyPm.o)
 .debug_info    0x0000487b      0x5f7 .\CortexM3\ARM_GCC_484\Release\CapSense_5LP_test.a(CyFlash.o)
 .debug_info    0x00004e72      0x4ed .\CortexM3\ARM_GCC_484\Release\CapSense_5LP_test.a(CySpc.o)
 .debug_info    0x0000535f      0x768 C:\Program Files (x86)\Cypress\PSoC Creator\3.2\PSoC Creator\psoc\content\cycomponentlibrary\CyComponentLibrary.cylib\CapSense_CSD_v3_50\Library\CapSenseLibrary_GCC.a(CapSense_CSD_SmartSense_v3_50.o)

.debug_abbrev   0x00000000     0x1df2
 *(.debug_abbrev)
 .debug_abbrev  0x00000000       0xfc .\CortexM3\ARM_GCC_484\Release\main.o
 .debug_abbrev  0x000000fc       0x66 .\CortexM3\ARM_GCC_484\Release\cymetadata.o
 .debug_abbrev  0x00000162      0x20f .\CortexM3\ARM_GCC_484\Release\Cm3Start.o
 .debug_abbrev  0x00000371      0x25c .\CortexM3\ARM_GCC_484\Release\CapSense_5LP_test.a(cyfitter_cfg.o)
 .debug_abbrev  0x000005cd      0x214 .\CortexM3\ARM_GCC_484\Release\CapSense_5LP_test.a(CapSense.o)
 .debug_abbrev  0x000007e1      0x264 .\CortexM3\ARM_GCC_484\Release\CapSense_5LP_test.a(CapSense_CSHL.o)
 .debug_abbrev  0x00000a45       0xc2 .\CortexM3\ARM_GCC_484\Release\CapSense_5LP_test.a(CapSense_INT.o)
 .debug_abbrev  0x00000b07      0x148 .\CortexM3\ARM_GCC_484\Release\CapSense_5LP_test.a(CapSense_SMS_Wrapper.o)
 .debug_abbrev  0x00000c4f       0x9d .\CortexM3\ARM_GCC_484\Release\CapSense_5LP_test.a(LED.o)
 .debug_abbrev  0x00000cec      0x190 .\CortexM3\ARM_GCC_484\Release\CapSense_5LP_test.a(CapSense_CompCH0.o)
 .debug_abbrev  0x00000e7c      0x15c .\CortexM3\ARM_GCC_484\Release\CapSense_5LP_test.a(CapSense_IdacCH0.o)
 .debug_abbrev  0x00000fd8       0xdb .\CortexM3\ARM_GCC_484\Release\CapSense_5LP_test.a(CapSense_AMuxCH0.o)
 .debug_abbrev  0x000010b3      0x151 .\CortexM3\ARM_GCC_484\Release\CapSense_5LP_test.a(CapSense_IntClock.o)
 .debug_abbrev  0x00001204       0x14 .\CortexM3\ARM_GCC_484\Release\CapSense_5LP_test.a(CyBootAsmGnu.o)
 .debug_abbrev  0x00001218      0x39c .\CortexM3\ARM_GCC_484\Release\CapSense_5LP_test.a(CyLib.o)
 .debug_abbrev  0x000015b4      0x224 .\CortexM3\ARM_GCC_484\Release\CapSense_5LP_test.a(cyPm.o)
 .debug_abbrev  0x000017d8      0x239 .\CortexM3\ARM_GCC_484\Release\CapSense_5LP_test.a(CyFlash.o)
 .debug_abbrev  0x00001a11      0x1dc .\CortexM3\ARM_GCC_484\Release\CapSense_5LP_test.a(CySpc.o)
 .debug_abbrev  0x00001bed      0x205 C:\Program Files (x86)\Cypress\PSoC Creator\3.2\PSoC Creator\psoc\content\cycomponentlibrary\CyComponentLibrary.cylib\CapSense_CSD_v3_50\Library\CapSenseLibrary_GCC.a(CapSense_CSD_SmartSense_v3_50.o)

.debug_line     0x00000000     0x2566
 *(.debug_line)
 .debug_line    0x00000000      0x1a9 .\CortexM3\ARM_GCC_484\Release\main.o
 .debug_line    0x000001a9       0x53 .\CortexM3\ARM_GCC_484\Release\cymetadata.o
 .debug_line    0x000001fc      0x216 .\CortexM3\ARM_GCC_484\Release\Cm3Start.o
 .debug_line    0x00000412      0x1d2 .\CortexM3\ARM_GCC_484\Release\CapSense_5LP_test.a(cyfitter_cfg.o)
 .debug_line    0x000005e4      0x30c .\CortexM3\ARM_GCC_484\Release\CapSense_5LP_test.a(CapSense.o)
 .debug_line    0x000008f0      0x248 .\CortexM3\ARM_GCC_484\Release\CapSense_5LP_test.a(CapSense_CSHL.o)
 .debug_line    0x00000b38       0x80 .\CortexM3\ARM_GCC_484\Release\CapSense_5LP_test.a(CapSense_INT.o)
 .debug_line    0x00000bb8       0xf4 .\CortexM3\ARM_GCC_484\Release\CapSense_5LP_test.a(CapSense_SMS_Wrapper.o)
 .debug_line    0x00000cac       0x96 .\CortexM3\ARM_GCC_484\Release\CapSense_5LP_test.a(LED.o)
 .debug_line    0x00000d42      0x19c .\CortexM3\ARM_GCC_484\Release\CapSense_5LP_test.a(CapSense_CompCH0.o)
 .debug_line    0x00000ede      0x118 .\CortexM3\ARM_GCC_484\Release\CapSense_5LP_test.a(CapSense_IdacCH0.o)
 .debug_line    0x00000ff6       0xe5 .\CortexM3\ARM_GCC_484\Release\CapSense_5LP_test.a(CapSense_AMuxCH0.o)
 .debug_line    0x000010db      0x1d0 .\CortexM3\ARM_GCC_484\Release\CapSense_5LP_test.a(CapSense_IntClock.o)
 .debug_line    0x000012ab       0x68 .\CortexM3\ARM_GCC_484\Release\CapSense_5LP_test.a(CyBootAsmGnu.o)
 .debug_line    0x00001313      0x7d1 .\CortexM3\ARM_GCC_484\Release\CapSense_5LP_test.a(CyLib.o)
 .debug_line    0x00001ae4      0x38d .\CortexM3\ARM_GCC_484\Release\CapSense_5LP_test.a(cyPm.o)
 .debug_line    0x00001e71      0x1e1 .\CortexM3\ARM_GCC_484\Release\CapSense_5LP_test.a(CyFlash.o)
 .debug_line    0x00002052      0x226 .\CortexM3\ARM_GCC_484\Release\CapSense_5LP_test.a(CySpc.o)
 .debug_line    0x00002278      0x2ee C:\Program Files (x86)\Cypress\PSoC Creator\3.2\PSoC Creator\psoc\content\cycomponentlibrary\CyComponentLibrary.cylib\CapSense_CSD_v3_50\Library\CapSenseLibrary_GCC.a(CapSense_CSD_SmartSense_v3_50.o)

.debug_frame    0x00000000     0x15bc
 *(.debug_frame)
 .debug_frame   0x00000000       0x2c .\CortexM3\ARM_GCC_484\Release\main.o
 .debug_frame   0x0000002c       0xac .\CortexM3\ARM_GCC_484\Release\Cm3Start.o
 .debug_frame   0x000000d8       0x68 .\CortexM3\ARM_GCC_484\Release\CapSense_5LP_test.a(cyfitter_cfg.o)
 .debug_frame   0x00000140      0x1e0 .\CortexM3\ARM_GCC_484\Release\CapSense_5LP_test.a(CapSense.o)
 .debug_frame   0x00000320      0x174 .\CortexM3\ARM_GCC_484\Release\CapSense_5LP_test.a(CapSense_CSHL.o)
 .debug_frame   0x00000494       0x30 .\CortexM3\ARM_GCC_484\Release\CapSense_5LP_test.a(CapSense_INT.o)
 .debug_frame   0x000004c4       0x80 .\CortexM3\ARM_GCC_484\Release\CapSense_5LP_test.a(CapSense_SMS_Wrapper.o)
 .debug_frame   0x00000544       0x50 .\CortexM3\ARM_GCC_484\Release\CapSense_5LP_test.a(LED.o)
 .debug_frame   0x00000594      0x114 .\CortexM3\ARM_GCC_484\Release\CapSense_5LP_test.a(CapSense_CompCH0.o)
 .debug_frame   0x000006a8       0xb8 .\CortexM3\ARM_GCC_484\Release\CapSense_5LP_test.a(CapSense_IdacCH0.o)
 .debug_frame   0x00000760       0xa4 .\CortexM3\ARM_GCC_484\Release\CapSense_5LP_test.a(CapSense_AMuxCH0.o)
 .debug_frame   0x00000804       0xe0 .\CortexM3\ARM_GCC_484\Release\CapSense_5LP_test.a(CapSense_IntClock.o)
 .debug_frame   0x000008e4      0x688 .\CortexM3\ARM_GCC_484\Release\CapSense_5LP_test.a(CyLib.o)
 .debug_frame   0x00000f6c      0x1a4 .\CortexM3\ARM_GCC_484\Release\CapSense_5LP_test.a(cyPm.o)
 .debug_frame   0x00001110      0x134 .\CortexM3\ARM_GCC_484\Release\CapSense_5LP_test.a(CyFlash.o)
 .debug_frame   0x00001244      0x15c .\CortexM3\ARM_GCC_484\Release\CapSense_5LP_test.a(CySpc.o)
 .debug_frame   0x000013a0      0x168 C:\Program Files (x86)\Cypress\PSoC Creator\3.2\PSoC Creator\psoc\content\cycomponentlibrary\CyComponentLibrary.cylib\CapSense_CSD_v3_50\Library\CapSenseLibrary_GCC.a(CapSense_CSD_SmartSense_v3_50.o)
 .debug_frame   0x00001508       0x20 c:/program files (x86)/cypress/psoc creator/3.2/psoc creator/import/gnu/arm/4.8.4/bin/../lib/gcc/arm-none-eabi/4.8.4/armv7-m\libgcc.a(_udivsi3.o)
 .debug_frame   0x00001528       0x20 c:/program files (x86)/cypress/psoc creator/3.2/psoc creator/import/gnu/arm/4.8.4/bin/../lib/gcc/arm-none-eabi/4.8.4/../../../../arm-none-eabi/lib/armv7-m\libg_s.a(lib_a-errno.o)
 .debug_frame   0x00001548       0x28 c:/program files (x86)/cypress/psoc creator/3.2/psoc creator/import/gnu/arm/4.8.4/bin/../lib/gcc/arm-none-eabi/4.8.4/../../../../arm-none-eabi/lib/armv7-m\libg_s.a(lib_a-exit.o)
 .debug_frame   0x00001570       0x2c c:/program files (x86)/cypress/psoc creator/3.2/psoc creator/import/gnu/arm/4.8.4/bin/../lib/gcc/arm-none-eabi/4.8.4/../../../../arm-none-eabi/lib/armv7-m\libg_s.a(lib_a-init.o)
 .debug_frame   0x0000159c       0x20 c:/program files (x86)/cypress/psoc creator/3.2/psoc creator/import/gnu/arm/4.8.4/bin/../lib/gcc/arm-none-eabi/4.8.4/../../../../arm-none-eabi/lib/armv7-m\libg_s.a(lib_a-memset.o)

.debug_str      0x00000000     0x253b
 *(.debug_str)
 .debug_str     0x00000000      0x20e .\CortexM3\ARM_GCC_484\Release\main.o
                                0x24f (size before relaxing)
 .debug_str     0x0000020e       0x77 .\CortexM3\ARM_GCC_484\Release\cymetadata.o
                                0x1e8 (size before relaxing)
 .debug_str     0x00000285      0x165 .\CortexM3\ARM_GCC_484\Release\Cm3Start.o
                                0x2fc (size before relaxing)
 .debug_str     0x000003ea      0x1c2 .\CortexM3\ARM_GCC_484\Release\CapSense_5LP_test.a(cyfitter_cfg.o)
                                0x366 (size before relaxing)
 .debug_str     0x000005ac      0x465 .\CortexM3\ARM_GCC_484\Release\CapSense_5LP_test.a(CapSense.o)
                                0x673 (size before relaxing)
 .debug_str     0x00000a11      0x2ae .\CortexM3\ARM_GCC_484\Release\CapSense_5LP_test.a(CapSense_CSHL.o)
                                0x565 (size before relaxing)
 .debug_str     0x00000cbf       0x3c .\CortexM3\ARM_GCC_484\Release\CapSense_5LP_test.a(CapSense_INT.o)
                                0x20a (size before relaxing)
 .debug_str     0x00000cfb      0x322 .\CortexM3\ARM_GCC_484\Release\CapSense_5LP_test.a(CapSense_SMS_Wrapper.o)
                                0x61a (size before relaxing)
 .debug_str     0x0000101d       0x59 .\CortexM3\ARM_GCC_484\Release\CapSense_5LP_test.a(LED.o)
                                0x1d6 (size before relaxing)
 .debug_str     0x00001076      0x184 .\CortexM3\ARM_GCC_484\Release\CapSense_5LP_test.a(CapSense_CompCH0.o)
                                0x34c (size before relaxing)
 .debug_str     0x000011fa       0x9e .\CortexM3\ARM_GCC_484\Release\CapSense_5LP_test.a(CapSense_IdacCH0.o)
                                0x2b1 (size before relaxing)
 .debug_str     0x00001298       0xe7 .\CortexM3\ARM_GCC_484\Release\CapSense_5LP_test.a(CapSense_AMuxCH0.o)
                                0x299 (size before relaxing)
 .debug_str     0x0000137f      0x1ad .\CortexM3\ARM_GCC_484\Release\CapSense_5LP_test.a(CapSense_IntClock.o)
                                0x364 (size before relaxing)
 .debug_str     0x0000152c      0x7cf .\CortexM3\ARM_GCC_484\Release\CapSense_5LP_test.a(CyLib.o)
                                0xa21 (size before relaxing)
 .debug_str     0x00001cfb      0x35b .\CortexM3\ARM_GCC_484\Release\CapSense_5LP_test.a(cyPm.o)
                                0x712 (size before relaxing)
 .debug_str     0x00002056      0x19e .\CortexM3\ARM_GCC_484\Release\CapSense_5LP_test.a(CyFlash.o)
                                0x38c (size before relaxing)
 .debug_str     0x000021f4       0xae .\CortexM3\ARM_GCC_484\Release\CapSense_5LP_test.a(CySpc.o)
                                0x31c (size before relaxing)
 .debug_str     0x000022a2      0x299 C:\Program Files (x86)\Cypress\PSoC Creator\3.2\PSoC Creator\psoc\content\cycomponentlibrary\CyComponentLibrary.cylib\CapSense_CSD_v3_50\Library\CapSenseLibrary_GCC.a(CapSense_CSD_SmartSense_v3_50.o)
                                0x63b (size before relaxing)

.debug_loc      0x00000000     0x2de3
 *(.debug_loc)
 .debug_loc     0x00000000      0x21a .\CortexM3\ARM_GCC_484\Release\Cm3Start.o
 .debug_loc     0x0000021a      0x1b6 .\CortexM3\ARM_GCC_484\Release\CapSense_5LP_test.a(cyfitter_cfg.o)
 .debug_loc     0x000003d0      0x2d1 .\CortexM3\ARM_GCC_484\Release\CapSense_5LP_test.a(CapSense.o)
 .debug_loc     0x000006a1      0x5af .\CortexM3\ARM_GCC_484\Release\CapSense_5LP_test.a(CapSense_CSHL.o)
 .debug_loc     0x00000c50       0x63 .\CortexM3\ARM_GCC_484\Release\CapSense_5LP_test.a(CapSense_SMS_Wrapper.o)
 .debug_loc     0x00000cb3       0x5a .\CortexM3\ARM_GCC_484\Release\CapSense_5LP_test.a(LED.o)
 .debug_loc     0x00000d0d      0x11c .\CortexM3\ARM_GCC_484\Release\CapSense_5LP_test.a(CapSense_CompCH0.o)
 .debug_loc     0x00000e29       0x87 .\CortexM3\ARM_GCC_484\Release\CapSense_5LP_test.a(CapSense_IdacCH0.o)
 .debug_loc     0x00000eb0       0x6e .\CortexM3\ARM_GCC_484\Release\CapSense_5LP_test.a(CapSense_AMuxCH0.o)
 .debug_loc     0x00000f1e       0xa6 .\CortexM3\ARM_GCC_484\Release\CapSense_5LP_test.a(CapSense_IntClock.o)
 .debug_loc     0x00000fc4      0xae2 .\CortexM3\ARM_GCC_484\Release\CapSense_5LP_test.a(CyLib.o)
 .debug_loc     0x00001aa6      0x206 .\CortexM3\ARM_GCC_484\Release\CapSense_5LP_test.a(cyPm.o)
 .debug_loc     0x00001cac      0x300 .\CortexM3\ARM_GCC_484\Release\CapSense_5LP_test.a(CyFlash.o)
 .debug_loc     0x00001fac      0x628 .\CortexM3\ARM_GCC_484\Release\CapSense_5LP_test.a(CySpc.o)
 .debug_loc     0x000025d4      0x80f C:\Program Files (x86)\Cypress\PSoC Creator\3.2\PSoC Creator\psoc\content\cycomponentlibrary\CyComponentLibrary.cylib\CapSense_CSD_v3_50\Library\CapSenseLibrary_GCC.a(CapSense_CSD_SmartSense_v3_50.o)

.debug_macinfo
 *(.debug_macinfo)

.debug_ranges   0x00000000      0x8c8
 *(.debug_ranges)
 .debug_ranges  0x00000000       0x10 .\CortexM3\ARM_GCC_484\Release\main.o
 .debug_ranges  0x00000010       0x38 .\CortexM3\ARM_GCC_484\Release\Cm3Start.o
 .debug_ranges  0x00000048      0x110 .\CortexM3\ARM_GCC_484\Release\CapSense_5LP_test.a(cyfitter_cfg.o)
 .debug_ranges  0x00000158       0xa0 .\CortexM3\ARM_GCC_484\Release\CapSense_5LP_test.a(CapSense.o)
 .debug_ranges  0x000001f8       0x80 .\CortexM3\ARM_GCC_484\Release\CapSense_5LP_test.a(CapSense_CSHL.o)
 .debug_ranges  0x00000278       0x10 .\CortexM3\ARM_GCC_484\Release\CapSense_5LP_test.a(CapSense_INT.o)
 .debug_ranges  0x00000288       0x40 .\CortexM3\ARM_GCC_484\Release\CapSense_5LP_test.a(CapSense_SMS_Wrapper.o)
 .debug_ranges  0x000002c8       0x28 .\CortexM3\ARM_GCC_484\Release\CapSense_5LP_test.a(LED.o)
 .debug_ranges  0x000002f0       0x60 .\CortexM3\ARM_GCC_484\Release\CapSense_5LP_test.a(CapSense_CompCH0.o)
 .debug_ranges  0x00000350       0x50 .\CortexM3\ARM_GCC_484\Release\CapSense_5LP_test.a(CapSense_IdacCH0.o)
 .debug_ranges  0x000003a0       0x38 .\CortexM3\ARM_GCC_484\Release\CapSense_5LP_test.a(CapSense_AMuxCH0.o)
 .debug_ranges  0x000003d8       0xb8 .\CortexM3\ARM_GCC_484\Release\CapSense_5LP_test.a(CapSense_IntClock.o)
 .debug_ranges  0x00000490      0x280 .\CortexM3\ARM_GCC_484\Release\CapSense_5LP_test.a(CyLib.o)
 .debug_ranges  0x00000710       0x88 .\CortexM3\ARM_GCC_484\Release\CapSense_5LP_test.a(cyPm.o)
 .debug_ranges  0x00000798       0x78 .\CortexM3\ARM_GCC_484\Release\CapSense_5LP_test.a(CyFlash.o)
 .debug_ranges  0x00000810       0x68 .\CortexM3\ARM_GCC_484\Release\CapSense_5LP_test.a(CySpc.o)
 .debug_ranges  0x00000878       0x50 C:\Program Files (x86)\Cypress\PSoC Creator\3.2\PSoC Creator\psoc\content\cycomponentlibrary\CyComponentLibrary.cylib\CapSense_CSD_v3_50\Library\CapSenseLibrary_GCC.a(CapSense_CSD_SmartSense_v3_50.o)

.comment        0x00000000       0x70
 .comment       0x00000000       0x70 .\CortexM3\ARM_GCC_484\Release\main.o
                                 0x71 (size before relaxing)
 .comment       0x00000000       0x71 .\CortexM3\ARM_GCC_484\Release\cymetadata.o
 .comment       0x00000000       0x71 .\CortexM3\ARM_GCC_484\Release\Cm3Start.o
 .comment       0x00000000       0x71 .\CortexM3\ARM_GCC_484\Release\CapSense_5LP_test.a(cyfitter_cfg.o)
 .comment       0x00000000       0x71 .\CortexM3\ARM_GCC_484\Release\CapSense_5LP_test.a(CapSense.o)
 .comment       0x00000000       0x71 .\CortexM3\ARM_GCC_484\Release\CapSense_5LP_test.a(CapSense_CSHL.o)
 .comment       0x00000000       0x71 .\CortexM3\ARM_GCC_484\Release\CapSense_5LP_test.a(CapSense_INT.o)
 .comment       0x00000000       0x71 .\CortexM3\ARM_GCC_484\Release\CapSense_5LP_test.a(CapSense_SMS_Wrapper.o)
 .comment       0x00000000       0x71 .\CortexM3\ARM_GCC_484\Release\CapSense_5LP_test.a(LED.o)
 .comment       0x00000000       0x71 .\CortexM3\ARM_GCC_484\Release\CapSense_5LP_test.a(CapSense_CompCH0.o)
 .comment       0x00000000       0x71 .\CortexM3\ARM_GCC_484\Release\CapSense_5LP_test.a(CapSense_IdacCH0.o)
 .comment       0x00000000       0x71 .\CortexM3\ARM_GCC_484\Release\CapSense_5LP_test.a(CapSense_AMuxCH0.o)
 .comment       0x00000000       0x71 .\CortexM3\ARM_GCC_484\Release\CapSense_5LP_test.a(CapSense_IntClock.o)
 .comment       0x00000000       0x71 .\CortexM3\ARM_GCC_484\Release\CapSense_5LP_test.a(CyLib.o)
 .comment       0x00000000       0x71 .\CortexM3\ARM_GCC_484\Release\CapSense_5LP_test.a(cyPm.o)
 .comment       0x00000000       0x71 .\CortexM3\ARM_GCC_484\Release\CapSense_5LP_test.a(CyFlash.o)
 .comment       0x00000000       0x71 .\CortexM3\ARM_GCC_484\Release\CapSense_5LP_test.a(CySpc.o)
 .comment       0x00000000       0x71 C:\Program Files (x86)\Cypress\PSoC Creator\3.2\PSoC Creator\psoc\content\cycomponentlibrary\CyComponentLibrary.cylib\CapSense_CSD_v3_50\Library\CapSenseLibrary_GCC.a(CapSense_CSD_SmartSense_v3_50.o)

.debug_weaknames
 *(.debug_weaknames)

.debug_funcnames
 *(.debug_funcnames)

.debug_typenames
 *(.debug_typenames)

.debug_varnames
 *(.debug_varnames)

.note.gnu.arm.ident
 *(.note.gnu.arm.ident)

.ARM.attributes
                0x00000000       0x29
 *(.ARM.attributes)
 .ARM.attributes
                0x00000000       0x1d c:/program files (x86)/cypress/psoc creator/3.2/psoc creator/import/gnu/arm/4.8.4/bin/../lib/gcc/arm-none-eabi/4.8.4/armv7-m/crti.o
 .ARM.attributes
                0x0000001d       0x2d c:/program files (x86)/cypress/psoc creator/3.2/psoc creator/import/gnu/arm/4.8.4/bin/../lib/gcc/arm-none-eabi/4.8.4/armv7-m/crtbegin.o
 .ARM.attributes
                0x0000004a       0x1b c:/program files (x86)/cypress/psoc creator/3.2/psoc creator/import/gnu/arm/4.8.4/bin/../lib/gcc/arm-none-eabi/4.8.4/../../../../arm-none-eabi/lib/armv7-m/crt0.o
 .ARM.attributes
                0x00000065       0x33 .\CortexM3\ARM_GCC_484\Release\main.o
 .ARM.attributes
                0x00000098       0x33 .\CortexM3\ARM_GCC_484\Release\cymetadata.o
 .ARM.attributes
                0x000000cb       0x33 .\CortexM3\ARM_GCC_484\Release\Cm3Start.o
 .ARM.attributes
                0x000000fe       0x33 .\CortexM3\ARM_GCC_484\Release\CapSense_5LP_test.a(cyfitter_cfg.o)
 .ARM.attributes
                0x00000131       0x33 .\CortexM3\ARM_GCC_484\Release\CapSense_5LP_test.a(CapSense.o)
 .ARM.attributes
                0x00000164       0x33 .\CortexM3\ARM_GCC_484\Release\CapSense_5LP_test.a(CapSense_CSHL.o)
 .ARM.attributes
                0x00000197       0x33 .\CortexM3\ARM_GCC_484\Release\CapSense_5LP_test.a(CapSense_INT.o)
 .ARM.attributes
                0x000001ca       0x33 .\CortexM3\ARM_GCC_484\Release\CapSense_5LP_test.a(CapSense_SMS_Wrapper.o)
 .ARM.attributes
                0x000001fd       0x33 .\CortexM3\ARM_GCC_484\Release\CapSense_5LP_test.a(LED.o)
 .ARM.attributes
                0x00000230       0x33 .\CortexM3\ARM_GCC_484\Release\CapSense_5LP_test.a(CapSense_CompCH0.o)
 .ARM.attributes
                0x00000263       0x33 .\CortexM3\ARM_GCC_484\Release\CapSense_5LP_test.a(CapSense_IdacCH0.o)
 .ARM.attributes
                0x00000296       0x33 .\CortexM3\ARM_GCC_484\Release\CapSense_5LP_test.a(CapSense_AMuxCH0.o)
 .ARM.attributes
                0x000002c9       0x33 .\CortexM3\ARM_GCC_484\Release\CapSense_5LP_test.a(CapSense_IntClock.o)
 .ARM.attributes
                0x000002fc       0x21 .\CortexM3\ARM_GCC_484\Release\CapSense_5LP_test.a(CyBootAsmGnu.o)
 .ARM.attributes
                0x0000031d       0x33 .\CortexM3\ARM_GCC_484\Release\CapSense_5LP_test.a(CyLib.o)
 .ARM.attributes
                0x00000350       0x33 .\CortexM3\ARM_GCC_484\Release\CapSense_5LP_test.a(cyPm.o)
 .ARM.attributes
                0x00000383       0x33 .\CortexM3\ARM_GCC_484\Release\CapSense_5LP_test.a(CyFlash.o)
 .ARM.attributes
                0x000003b6       0x33 .\CortexM3\ARM_GCC_484\Release\CapSense_5LP_test.a(CySpc.o)
 .ARM.attributes
                0x000003e9       0x31 C:\Program Files (x86)\Cypress\PSoC Creator\3.2\PSoC Creator\psoc\content\cycomponentlibrary\CyComponentLibrary.cylib\CapSense_CSD_v3_50\Library\CapSenseLibrary_GCC.a(CapSense_CSD_SmartSense_v3_50.o)
 .ARM.attributes
                0x0000041a       0x1d c:/program files (x86)/cypress/psoc creator/3.2/psoc creator/import/gnu/arm/4.8.4/bin/../lib/gcc/arm-none-eabi/4.8.4/armv7-m\libgcc.a(_udivsi3.o)
 .ARM.attributes
                0x00000437       0x1d c:/program files (x86)/cypress/psoc creator/3.2/psoc creator/import/gnu/arm/4.8.4/bin/../lib/gcc/arm-none-eabi/4.8.4/armv7-m\libgcc.a(_dvmd_tls.o)
 .ARM.attributes
                0x00000454       0x2d c:/program files (x86)/cypress/psoc creator/3.2/psoc creator/import/gnu/arm/4.8.4/bin/../lib/gcc/arm-none-eabi/4.8.4/../../../../arm-none-eabi/lib/armv7-m\libg_s.a(lib_a-errno.o)
 .ARM.attributes
                0x00000481       0x2d c:/program files (x86)/cypress/psoc creator/3.2/psoc creator/import/gnu/arm/4.8.4/bin/../lib/gcc/arm-none-eabi/4.8.4/../../../../arm-none-eabi/lib/armv7-m\libg_s.a(lib_a-exit.o)
 .ARM.attributes
                0x000004ae       0x2d c:/program files (x86)/cypress/psoc creator/3.2/psoc creator/import/gnu/arm/4.8.4/bin/../lib/gcc/arm-none-eabi/4.8.4/../../../../arm-none-eabi/lib/armv7-m\libg_s.a(lib_a-impure.o)
 .ARM.attributes
                0x000004db       0x2d c:/program files (x86)/cypress/psoc creator/3.2/psoc creator/import/gnu/arm/4.8.4/bin/../lib/gcc/arm-none-eabi/4.8.4/../../../../arm-none-eabi/lib/armv7-m\libg_s.a(lib_a-init.o)
 .ARM.attributes
                0x00000508       0x2d c:/program files (x86)/cypress/psoc creator/3.2/psoc creator/import/gnu/arm/4.8.4/bin/../lib/gcc/arm-none-eabi/4.8.4/../../../../arm-none-eabi/lib/armv7-m\libg_s.a(lib_a-memset.o)
 .ARM.attributes
                0x00000535       0x2d c:/program files (x86)/cypress/psoc creator/3.2/psoc creator/import/gnu/arm/4.8.4/bin/../lib/gcc/arm-none-eabi/4.8.4/armv7-m/crtend.o
 .ARM.attributes
                0x00000562       0x1d c:/program files (x86)/cypress/psoc creator/3.2/psoc creator/import/gnu/arm/4.8.4/bin/../lib/gcc/arm-none-eabi/4.8.4/armv7-m/crtn.o

/DISCARD/
 *(.note.GNU-stack)
OUTPUT(.\CortexM3\ARM_GCC_484\Release\CapSense_5LP_test.elf elf32-littlearm)
